Archive member included to satisfy reference by file (symbol)

/home/pitvid/armToolC/gcc-arm-none-eabi-6-2017-q2-update/bin/../lib/gcc/arm-none-eabi/6.3.1/../../../../arm-none-eabi/lib/thumb/v7e-m/libg_nano.a(lib_a-errno.o)
                              ./system/src/newlib/_sbrk.o (__errno)
/home/pitvid/armToolC/gcc-arm-none-eabi-6-2017-q2-update/bin/../lib/gcc/arm-none-eabi/6.3.1/../../../../arm-none-eabi/lib/thumb/v7e-m/libg_nano.a(lib_a-findfp.o)
                              ./system/src/newlib/_syscalls.o (__sinit)
/home/pitvid/armToolC/gcc-arm-none-eabi-6-2017-q2-update/bin/../lib/gcc/arm-none-eabi/6.3.1/../../../../arm-none-eabi/lib/thumb/v7e-m/libg_nano.a(lib_a-fwalk.o)
                              /home/pitvid/armToolC/gcc-arm-none-eabi-6-2017-q2-update/bin/../lib/gcc/arm-none-eabi/6.3.1/../../../../arm-none-eabi/lib/thumb/v7e-m/libg_nano.a(lib_a-findfp.o) (_fwalk)
/home/pitvid/armToolC/gcc-arm-none-eabi-6-2017-q2-update/bin/../lib/gcc/arm-none-eabi/6.3.1/../../../../arm-none-eabi/lib/thumb/v7e-m/libg_nano.a(lib_a-impure.o)
                              /home/pitvid/armToolC/gcc-arm-none-eabi-6-2017-q2-update/bin/../lib/gcc/arm-none-eabi/6.3.1/../../../../arm-none-eabi/lib/thumb/v7e-m/libg_nano.a(lib_a-findfp.o) (_global_impure_ptr)
/home/pitvid/armToolC/gcc-arm-none-eabi-6-2017-q2-update/bin/../lib/gcc/arm-none-eabi/6.3.1/../../../../arm-none-eabi/lib/thumb/v7e-m/libg_nano.a(lib_a-locale.o)
                              ./system/src/newlib/_syscalls.o (__locale_ctype_ptr)
/home/pitvid/armToolC/gcc-arm-none-eabi-6-2017-q2-update/bin/../lib/gcc/arm-none-eabi/6.3.1/../../../../arm-none-eabi/lib/thumb/v7e-m/libg_nano.a(lib_a-mbtowc_r.o)
                              /home/pitvid/armToolC/gcc-arm-none-eabi-6-2017-q2-update/bin/../lib/gcc/arm-none-eabi/6.3.1/../../../../arm-none-eabi/lib/thumb/v7e-m/libg_nano.a(lib_a-locale.o) (__ascii_mbtowc)
/home/pitvid/armToolC/gcc-arm-none-eabi-6-2017-q2-update/bin/../lib/gcc/arm-none-eabi/6.3.1/../../../../arm-none-eabi/lib/thumb/v7e-m/libg_nano.a(lib_a-memset.o)
                              ./system/src/newlib/_syscalls.o (memset)
/home/pitvid/armToolC/gcc-arm-none-eabi-6-2017-q2-update/bin/../lib/gcc/arm-none-eabi/6.3.1/../../../../arm-none-eabi/lib/thumb/v7e-m/libg_nano.a(lib_a-nano-mallocr.o)
                              /home/pitvid/armToolC/gcc-arm-none-eabi-6-2017-q2-update/bin/../lib/gcc/arm-none-eabi/6.3.1/../../../../arm-none-eabi/lib/thumb/v7e-m/libg_nano.a(lib_a-findfp.o) (_malloc_r)
/home/pitvid/armToolC/gcc-arm-none-eabi-6-2017-q2-update/bin/../lib/gcc/arm-none-eabi/6.3.1/../../../../arm-none-eabi/lib/thumb/v7e-m/libg_nano.a(lib_a-sbrkr.o)
                              /home/pitvid/armToolC/gcc-arm-none-eabi-6-2017-q2-update/bin/../lib/gcc/arm-none-eabi/6.3.1/../../../../arm-none-eabi/lib/thumb/v7e-m/libg_nano.a(lib_a-nano-mallocr.o) (_sbrk_r)
/home/pitvid/armToolC/gcc-arm-none-eabi-6-2017-q2-update/bin/../lib/gcc/arm-none-eabi/6.3.1/../../../../arm-none-eabi/lib/thumb/v7e-m/libg_nano.a(lib_a-stdio.o)
                              /home/pitvid/armToolC/gcc-arm-none-eabi-6-2017-q2-update/bin/../lib/gcc/arm-none-eabi/6.3.1/../../../../arm-none-eabi/lib/thumb/v7e-m/libg_nano.a(lib_a-findfp.o) (__sread)
/home/pitvid/armToolC/gcc-arm-none-eabi-6-2017-q2-update/bin/../lib/gcc/arm-none-eabi/6.3.1/../../../../arm-none-eabi/lib/thumb/v7e-m/libg_nano.a(lib_a-strcmp.o)
                              ./system/src/cortexm/exception_handlers.o (strcmp)
/home/pitvid/armToolC/gcc-arm-none-eabi-6-2017-q2-update/bin/../lib/gcc/arm-none-eabi/6.3.1/../../../../arm-none-eabi/lib/thumb/v7e-m/libg_nano.a(lib_a-strlen.o)
                              ./system/src/newlib/_syscalls.o (strlen)
/home/pitvid/armToolC/gcc-arm-none-eabi-6-2017-q2-update/bin/../lib/gcc/arm-none-eabi/6.3.1/../../../../arm-none-eabi/lib/thumb/v7e-m/libg_nano.a(lib_a-strncpy.o)
                              ./system/src/newlib/_syscalls.o (strncpy)
/home/pitvid/armToolC/gcc-arm-none-eabi-6-2017-q2-update/bin/../lib/gcc/arm-none-eabi/6.3.1/../../../../arm-none-eabi/lib/thumb/v7e-m/libg_nano.a(lib_a-vsnprintf.o)
                              ./system/src/diag/Trace.o (vsnprintf)
/home/pitvid/armToolC/gcc-arm-none-eabi-6-2017-q2-update/bin/../lib/gcc/arm-none-eabi/6.3.1/../../../../arm-none-eabi/lib/thumb/v7e-m/libg_nano.a(lib_a-wctomb_r.o)
                              /home/pitvid/armToolC/gcc-arm-none-eabi-6-2017-q2-update/bin/../lib/gcc/arm-none-eabi/6.3.1/../../../../arm-none-eabi/lib/thumb/v7e-m/libg_nano.a(lib_a-locale.o) (__ascii_wctomb)
/home/pitvid/armToolC/gcc-arm-none-eabi-6-2017-q2-update/bin/../lib/gcc/arm-none-eabi/6.3.1/../../../../arm-none-eabi/lib/thumb/v7e-m/libg_nano.a(lib_a-writer.o)
                              /home/pitvid/armToolC/gcc-arm-none-eabi-6-2017-q2-update/bin/../lib/gcc/arm-none-eabi/6.3.1/../../../../arm-none-eabi/lib/thumb/v7e-m/libg_nano.a(lib_a-stdio.o) (_write_r)
[...]
Memory Configuration

Name             Origin             Length             Attributes
RAM              0x0000000020000000 0x0000000000020000 xrw
CCMRAM           0x0000000010000000 0x0000000000010000 xrw
FLASH            0x0000000008000000 0x0000000000100000 xr
FLASHB1          0x0000000000000000 0x0000000000000000 xr
EXTMEMB0         0x0000000000000000 0x0000000000000000 xr
EXTMEMB1         0x0000000000000000 0x0000000000000000 xr
EXTMEMB2         0x0000000000000000 0x0000000000000000 xr
EXTMEMB3         0x0000000000000000 0x0000000000000000 xr
MEMORY_ARRAY     0x0000000020002000 0x0000000000000020 xrw
*default*        0x0000000000000000 0xffffffffffffffff

Linker script and memory map

LOAD ./system/src/stm32f4-hal/stm32f4xx_hal.o
LOAD ./system/src/stm32f4-hal/stm32f4xx_hal_cortex.o
LOAD ./system/src/stm32f4-hal/stm32f4xx_hal_dfsdm.o
LOAD ./system/src/stm32f4-hal/stm32f4xx_hal_flash.o
LOAD ./system/src/stm32f4-hal/stm32f4xx_hal_gpio.o
LOAD ./system/src/stm32f4-hal/stm32f4xx_hal_iwdg.o
LOAD ./system/src/stm32f4-hal/stm32f4xx_hal_pwr.o
LOAD ./system/src/stm32f4-hal/stm32f4xx_hal_rcc.o
LOAD ./system/src/newlib/_cxx.o
LOAD ./system/src/newlib/_exit.o
LOAD ./system/src/newlib/_sbrk.o
LOAD ./system/src/newlib/_startup.o
LOAD ./system/src/newlib/_syscalls.o
LOAD ./system/src/newlib/assert.o
LOAD ./system/src/diag/Trace.o
LOAD ./system/src/diag/trace_impl.o
LOAD ./system/src/cortexm/_initialize_hardware.o
LOAD ./system/src/cortexm/_reset_hardware.o
LOAD ./system/src/cortexm/exception_handlers.o
LOAD ./system/src/cmsis/system_stm32f4xx.o
LOAD ./system/src/cmsis/vectors_stm32f407xx.o
LOAD ./src/_initialize_hardware.o
LOAD ./src/_write.o
LOAD ./src/main.o
LOAD ./src/schedulerCore.o
LOAD ./src/stm32f4xx_hal_msp.o
LOAD /home/pitvid/armToolC/gcc-arm-none-eabi-6-2017-q2-update/bin/../lib/gcc/arm-none-eabi/6.3.1/../../../../arm-none-eabi/lib/thumb/v7e-m/libstdc++_nano.a
LOAD /home/pitvid/armToolC/gcc-arm-none-eabi-6-2017-q2-update/bin/../lib/gcc/arm-none-eabi/6.3.1/../../../../arm-none-eabi/lib/thumb/v7e-m/libm.a
START GROUP
LOAD /home/pitvid/armToolC/gcc-arm-none-eabi-6-2017-q2-update/bin/../lib/gcc/arm-none-eabi/6.3.1/thumb/v7e-m/libgcc.a
LOAD /home/pitvid/armToolC/gcc-arm-none-eabi-6-2017-q2-update/bin/../lib/gcc/arm-none-eabi/6.3.1/../../../../arm-none-eabi/lib/thumb/v7e-m/libg_nano.a
LOAD /home/pitvid/armToolC/gcc-arm-none-eabi-6-2017-q2-update/bin/../lib/gcc/arm-none-eabi/6.3.1/../../../../arm-none-eabi/lib/thumb/v7e-m/libc_nano.a
END GROUP
START GROUP
LOAD /home/pitvid/armToolC/gcc-arm-none-eabi-6-2017-q2-update/bin/../lib/gcc/arm-none-eabi/6.3.1/thumb/v7e-m/libgcc.a
LOAD /home/pitvid/armToolC/gcc-arm-none-eabi-6-2017-q2-update/bin/../lib/gcc/arm-none-eabi/6.3.1/../../../../arm-none-eabi/lib/thumb/v7e-m/libc_nano.a
END GROUP
                0x0000000020020000                __stack = (ORIGIN (RAM) + LENGTH (RAM))
                0x0000000020020000                _estack = __stack
                0x0000000000000400                __Main_Stack_Size = 0x400
                [!provide]                        PROVIDE (_Main_Stack_Size, __Main_Stack_Size)
                0x000000002001fc00                __Main_Stack_Limit = (__stack - __Main_Stack_Size)
                [!provide]                        PROVIDE (_Main_Stack_Limit, __Main_Stack_Limit)
                0x0000000000000100                _Minimum_Stack_Size = 0x100
                0x00000000200063d8                PROVIDE (_Heap_Begin, _end_noinit)
                0x000000002001fc00                PROVIDE (_Heap_Limit, (__stack - __Main_Stack_Size))

.isr_vector     0x0000000008000000      0x470
 FILL mask 0xff
                0x0000000008000000                __vectors_start = ABSOLUTE (.)
                0x0000000008000000                __vectors_start__ = ABSOLUTE (.)
 *(.isr_vector)
 .isr_vector    0x0000000008000000      0x188 ./system/src/cmsis/vectors_stm32f407xx.o
                0x0000000008000000                __isr_vectors
 *(.cfmconfig)
 *(.after_vectors .after_vectors.*)
 .after_vectors
                0x0000000008000188      0x130 ./system/src/newlib/_startup.o
                0x0000000008000188                _start
 .after_vectors
                0x00000000080002b8      0x124 ./system/src/cortexm/exception_handlers.o
                0x00000000080002b8                Reset_Handler
                0x00000000080002be                NMI_Handler
                0x00000000080002c2                HardFault_Handler
                0x00000000080002d6                HardFault_Handler_C
                0x0000000008000334                MemManage_Handler
                0x0000000008000338                BusFault_Handler
                0x000000000800034c                BusFault_Handler_C
                0x0000000008000380                UsageFault_Handler
                0x0000000008000394                UsageFault_Handler_C
                0x00000000080003c8                SVC_Handler
                0x00000000080003cc                DebugMon_Handler
 .after_vectors
                0x00000000080003dc        0x4 ./system/src/cmsis/vectors_stm32f407xx.o
                0x00000000080003dc                RTC_Alarm_IRQHandler
                0x00000000080003dc                HASH_RNG_IRQHandler
                0x00000000080003dc                EXTI2_IRQHandler
                0x00000000080003dc                TIM8_CC_IRQHandler
                0x00000000080003dc                TIM1_CC_IRQHandler
                0x00000000080003dc                DMA2_Stream5_IRQHandler
                0x00000000080003dc                DMA1_Stream5_IRQHandler
                0x00000000080003dc                PVD_IRQHandler
                0x00000000080003dc                SDIO_IRQHandler
                0x00000000080003dc                TAMP_STAMP_IRQHandler
                0x00000000080003dc                CAN2_RX1_IRQHandler
                0x00000000080003dc                EXTI3_IRQHandler
                0x00000000080003dc                TIM8_TRG_COM_TIM14_IRQHandler
                0x00000000080003dc                TIM1_UP_TIM10_IRQHandler
                0x00000000080003dc                TIM8_UP_TIM13_IRQHandler
                0x00000000080003dc                I2C3_ER_IRQHandler
                0x00000000080003dc                EXTI0_IRQHandler
                0x00000000080003dc                I2C2_EV_IRQHandler
                0x00000000080003dc                DMA1_Stream2_IRQHandler
                0x00000000080003dc                CAN1_RX0_IRQHandler
                0x00000000080003dc                FPU_IRQHandler
                0x00000000080003dc                OTG_HS_WKUP_IRQHandler
                0x00000000080003dc                CAN2_SCE_IRQHandler
                0x00000000080003dc                DMA2_Stream2_IRQHandler
                0x00000000080003dc                SPI1_IRQHandler
                0x00000000080003dc                TIM6_DAC_IRQHandler
                0x00000000080003dc                TIM1_BRK_TIM9_IRQHandler
                0x00000000080003dc                DCMI_IRQHandler
                0x00000000080003dc                CAN2_RX0_IRQHandler
                0x00000000080003dc                DMA2_Stream3_IRQHandler
                0x00000000080003dc                USART6_IRQHandler
                0x00000000080003dc                USART3_IRQHandler
                0x00000000080003dc                CAN1_RX1_IRQHandler
                0x00000000080003dc                UART5_IRQHandler
                0x00000000080003dc                DMA2_Stream0_IRQHandler
                0x00000000080003dc                TIM4_IRQHandler
                0x00000000080003dc                I2C1_EV_IRQHandler
                0x00000000080003dc                DMA1_Stream6_IRQHandler
                0x00000000080003dc                DMA1_Stream1_IRQHandler
                0x00000000080003dc                UART4_IRQHandler
                0x00000000080003dc                TIM3_IRQHandler
                0x00000000080003dc                RCC_IRQHandler
                0x00000000080003dc                TIM8_BRK_TIM12_IRQHandler
                0x00000000080003dc                Default_Handler
                0x00000000080003dc                EXTI15_10_IRQHandler
                0x00000000080003dc                ADC_IRQHandler
                0x00000000080003dc                DMA1_Stream7_IRQHandler
                0x00000000080003dc                TIM7_IRQHandler
                0x00000000080003dc                CAN2_TX_IRQHandler
                0x00000000080003dc                TIM5_IRQHandler
                0x00000000080003dc                DMA2_Stream7_IRQHandler
                0x00000000080003dc                I2C3_EV_IRQHandler
                0x00000000080003dc                EXTI9_5_IRQHandler
                0x00000000080003dc                RTC_WKUP_IRQHandler
                0x00000000080003dc                ETH_WKUP_IRQHandler
                0x00000000080003dc                SPI2_IRQHandler
                0x00000000080003dc                OTG_HS_EP1_IN_IRQHandler
                0x00000000080003dc                DMA1_Stream0_IRQHandler
                0x00000000080003dc                CAN1_TX_IRQHandler
                0x00000000080003dc                EXTI4_IRQHandler
                0x00000000080003dc                ETH_IRQHandler
                0x00000000080003dc                OTG_HS_EP1_OUT_IRQHandler
                0x00000000080003dc                WWDG_IRQHandler
                0x00000000080003dc                TIM2_IRQHandler
                0x00000000080003dc                OTG_FS_WKUP_IRQHandler
                0x00000000080003dc                TIM1_TRG_COM_TIM11_IRQHandler
                0x00000000080003dc                OTG_HS_IRQHandler
                0x00000000080003dc                EXTI1_IRQHandler
                0x00000000080003dc                USART2_IRQHandler
                0x00000000080003dc                I2C2_ER_IRQHandler
                0x00000000080003dc                DMA2_Stream1_IRQHandler
                0x00000000080003dc                CAN1_SCE_IRQHandler
                0x00000000080003dc                FLASH_IRQHandler
                0x00000000080003dc                DMA2_Stream4_IRQHandler
                0x00000000080003dc                USART1_IRQHandler
                0x00000000080003dc                OTG_FS_IRQHandler
                0x00000000080003dc                SPI3_IRQHandler
                0x00000000080003dc                DMA1_Stream4_IRQHandler
                0x00000000080003dc                I2C1_ER_IRQHandler
                0x00000000080003dc                FMC_IRQHandler
                0x00000000080003dc                DMA2_Stream6_IRQHandler
                0x00000000080003dc                DMA1_Stream3_IRQHandler
 .after_vectors
                0x00000000080003e0       0x90 ./src/main.o
                0x00000000080003e0                SysTick_Handler
                0x000000000800043c                PendSV_Handler

.inits          0x0000000008000470       0x28
                0x0000000008000470                __data_regions_array_start = .
                0x0000000008000470        0x4 LONG 0x8002378 LOADADDR (.data)
                0x0000000008000474        0x4 LONG 0x20000000 ADDR (.data)
                0x0000000008000478        0x4 LONG 0x200001e0 (ADDR (.data) + SIZEOF (.data))
                0x000000000800047c        0x4 LONG 0x8002378 LOADADDR (.data_CCMRAM)
                0x0000000008000480        0x4 LONG 0x10000000 ADDR (.data_CCMRAM)
                0x0000000008000484        0x4 LONG 0x10000000 (ADDR (.data_CCMRAM) + SIZEOF (.data_CCMRAM))
                0x0000000008000488                __data_regions_array_end = .
                0x0000000008000488                __bss_regions_array_start = .
                0x0000000008000488        0x4 LONG 0x200001e0 ADDR (.bss)
                0x000000000800048c        0x4 LONG 0x200063d8 (ADDR (.bss) + SIZEOF (.bss))
                0x0000000008000490        0x4 LONG 0x10000000 ADDR (.bss_CCMRAM)
                0x0000000008000494        0x4 LONG 0x10000000 (ADDR (.bss_CCMRAM) + SIZEOF (.bss_CCMRAM))
                0x0000000008000498                __bss_regions_array_end = .
 *(.init)
 *(.fini)
                0x0000000008000498                . = ALIGN (0x4)
                0x0000000008000498                PROVIDE (__preinit_array_start, .)
 *(.preinit_array_sysinit .preinit_array_sysinit.*)
 *(.preinit_array_platform .preinit_array_platform.*)
 *(.preinit_array .preinit_array.*)
                0x0000000008000498                PROVIDE (__preinit_array_end, .)
                0x0000000008000498                . = ALIGN (0x4)
                0x0000000008000498                PROVIDE (__init_array_start, .)
 *(SORT(.init_array.*))
 *(.init_array)
                0x0000000008000498                PROVIDE (__init_array_end, .)
                0x0000000008000498                . = ALIGN (0x4)
                0x0000000008000498                PROVIDE (__fini_array_start, .)
 *(SORT(.fini_array.*))
 *(.fini_array)
                0x0000000008000498                PROVIDE (__fini_array_end, .)

.flashtext
 *(.flashtext .flashtext.*)

.text           0x00000000080004a0     0x1ed6
 *(.text .text.*)
 .text.HAL_InitTick
                0x00000000080004a0       0x2c ./system/src/stm32f4-hal/stm32f4xx_hal.o
                0x00000000080004a0                HAL_InitTick
 .text.HAL_Init
                0x00000000080004cc       0x34 ./system/src/stm32f4-hal/stm32f4xx_hal.o
                0x00000000080004cc                HAL_Init
 .text.HAL_IncTick
                0x0000000008000500       0x10 ./system/src/stm32f4-hal/stm32f4xx_hal.o
                0x0000000008000500                HAL_IncTick
 .text.HAL_GetTick
                0x0000000008000510        0xc ./system/src/stm32f4-hal/stm32f4xx_hal.o
                0x0000000008000510                HAL_GetTick
 .text.HAL_NVIC_SetPriorityGrouping
                0x000000000800051c       0x3c ./system/src/stm32f4-hal/stm32f4xx_hal_cortex.o
                0x000000000800051c                HAL_NVIC_SetPriorityGrouping
 .text.HAL_NVIC_SetPriority
                0x0000000008000558       0x88 ./system/src/stm32f4-hal/stm32f4xx_hal_cortex.o
                0x0000000008000558                HAL_NVIC_SetPriority
 .text.HAL_SYSTICK_Config
                0x00000000080005e0       0x2c ./system/src/stm32f4-hal/stm32f4xx_hal_cortex.o
                0x00000000080005e0                HAL_SYSTICK_Config
 .text.HAL_SYSTICK_CLKSourceConfig
                0x000000000800060c       0x3c ./system/src/stm32f4-hal/stm32f4xx_hal_cortex.o
                0x000000000800060c                HAL_SYSTICK_CLKSourceConfig
 .text.HAL_RCC_OscConfig
                0x0000000008000648      0x42c ./system/src/stm32f4-hal/stm32f4xx_hal_rcc.o
                0x0000000008000648                HAL_RCC_OscConfig
 .text.HAL_RCC_GetSysClockFreq
                0x0000000008000a74       0x94 ./system/src/stm32f4-hal/stm32f4xx_hal_rcc.o
                0x0000000008000a74                HAL_RCC_GetSysClockFreq
 .text.HAL_RCC_ClockConfig
                0x0000000008000b08      0x250 ./system/src/stm32f4-hal/stm32f4xx_hal_rcc.o
                0x0000000008000b08                HAL_RCC_ClockConfig
 .text.HAL_RCC_GetHCLKFreq
                0x0000000008000d58        0xc ./system/src/stm32f4-hal/stm32f4xx_hal_rcc.o
                0x0000000008000d58                HAL_RCC_GetHCLKFreq
 .text.abort    0x0000000008000d64       0x14 ./system/src/newlib/_exit.o
                0x0000000008000d64                abort
 .text._sbrk    0x0000000008000d78       0x44 ./system/src/newlib/_sbrk.o
                0x0000000008000d78                _sbrk
 .text._exit    0x0000000008000dbc       0x20 ./system/src/newlib/_syscalls.o
                0x0000000008000dbc                _exit
 .text.initialise_monitor_handles
                0x0000000008000ddc       0xa8 ./system/src/newlib/_syscalls.o
                0x0000000008000ddc                initialise_monitor_handles
 .text.__initialize_args
                0x0000000008000e84       0xe8 ./system/src/newlib/_syscalls.o
                0x0000000008000e84                __initialize_args
 .text.assert_failed
                0x0000000008000f6c       0x14 ./system/src/newlib/assert.o
                0x0000000008000f6c                assert_failed
 .text.trace_printf
                0x0000000008000f80       0x30 ./system/src/diag/Trace.o
                0x0000000008000f80                trace_printf
 .text.trace_puts
                0x0000000008000fb0       0x20 ./system/src/diag/Trace.o
                0x0000000008000fb0                trace_puts
 .text._trace_write_semihosting_debug
                0x0000000008000fd0       0x60 ./system/src/diag/trace_impl.o
 .text.trace_write
                0x0000000008001030        0x8 ./system/src/diag/trace_impl.o
                0x0000000008001030                trace_write
 .text.__initialize_hardware_early
                0x0000000008001038       0x18 ./system/src/cortexm/_initialize_hardware.o
                0x0000000008001038                __initialize_hardware_early
 .text.dumpExceptionStack
                0x0000000008001050       0xf4 ./system/src/cortexm/exception_handlers.o
                0x0000000008001050                dumpExceptionStack
 .text.isSemihosting
                0x0000000008001144      0x100 ./system/src/cortexm/exception_handlers.o
                0x0000000008001144                isSemihosting
 .text.SystemInit
                0x0000000008001244       0x40 ./system/src/cmsis/system_stm32f4xx.o
                0x0000000008001244                SystemInit
 .text.SystemCoreClockUpdate
                0x0000000008001284       0xa0 ./system/src/cmsis/system_stm32f4xx.o
                0x0000000008001284                SystemCoreClockUpdate
 .text.SystemClock_Config
                0x0000000008001324       0x9c ./src/_initialize_hardware.o
                0x0000000008001324                SystemClock_Config
 .text.__initialize_hardware
                0x00000000080013c0       0x10 ./src/_initialize_hardware.o
                0x00000000080013c0                __initialize_hardware
 .text.main     0x00000000080013d0       0xcc ./src/main.o
                0x00000000080013d0                main
 .text.task1    0x000000000800149c       0x6c ./src/schedulerCore.o
                0x000000000800149c                task1
 .text.task2    0x0000000008001508       0x68 ./src/schedulerCore.o
                0x0000000008001508                task2
 .text.task3    0x0000000008001570       0x68 ./src/schedulerCore.o
                0x0000000008001570                task3
 .text.LED_board_initialize
                0x00000000080015d8       0x2c ./src/schedulerCore.o
                0x00000000080015d8                LED_board_initialize
 .text.trap     0x0000000008001604        0x2 ./src/schedulerCore.o
                0x0000000008001604                trap
 .text.create_task_frame
                0x0000000008001606       0x26 ./src/schedulerCore.o
                0x0000000008001606                create_task_frame
 .text.HAL_MspInit
                0x000000000800162c        0x2 ./src/stm32f4xx_hal_msp.o
                0x000000000800162c                HAL_MspInit
 *fill*         0x000000000800162e        0x2 
 .text.__errno  0x0000000008001630        0xc /home/pitvid/armToolC/gcc-arm-none-eabi-6-2017-q2-update/bin/../lib/gcc/arm-none-eabi/6.3.1/../../../../arm-none-eabi/lib/thumb/v7e-m/libg_nano.a(lib_a-errno.o)
                0x0000000008001630                __errno
 .text.__locale_ctype_ptr
                0x000000000800163c       0x1c /home/pitvid/armToolC/gcc-arm-none-eabi-6-2017-q2-update/bin/../lib/gcc/arm-none-eabi/6.3.1/../../../../arm-none-eabi/lib/thumb/v7e-m/libg_nano.a(lib_a-locale.o)
                0x000000000800163c                __locale_ctype_ptr
 .text.__ascii_mbtowc
                0x0000000008001658       0x24 /home/pitvid/armToolC/gcc-arm-none-eabi-6-2017-q2-update/bin/../lib/gcc/arm-none-eabi/6.3.1/../../../../arm-none-eabi/lib/thumb/v7e-m/libg_nano.a(lib_a-mbtowc_r.o)
                0x0000000008001658                __ascii_mbtowc
 .text._malloc_r
                0x000000000800167c       0xbc /home/pitvid/armToolC/gcc-arm-none-eabi-6-2017-q2-update/bin/../lib/gcc/arm-none-eabi/6.3.1/../../../../arm-none-eabi/lib/thumb/v7e-m/libg_nano.a(lib_a-nano-mallocr.o)
                0x000000000800167c                _malloc_r
 .text._sbrk_r  0x0000000008001738       0x20 /home/pitvid/armToolC/gcc-arm-none-eabi-6-2017-q2-update/bin/../lib/gcc/arm-none-eabi/6.3.1/../../../../arm-none-eabi/lib/thumb/v7e-m/libg_nano.a(lib_a-sbrkr.o)
                0x0000000008001738                _sbrk_r
 .text          0x0000000008001758       0x14 /home/pitvid/armToolC/gcc-arm-none-eabi-6-2017-q2-update/bin/../lib/gcc/arm-none-eabi/6.3.1/../../../../arm-none-eabi/lib/thumb/v7e-m/libg_nano.a(lib_a-strcmp.o)
                0x0000000008001758                strcmp
 .text          0x000000000800176c       0x10 /home/pitvid/armToolC/gcc-arm-none-eabi-6-2017-q2-update/bin/../lib/gcc/arm-none-eabi/6.3.1/../../../../arm-none-eabi/lib/thumb/v7e-m/libg_nano.a(lib_a-strlen.o)
                0x000000000800176c                strlen
 .text._vsnprintf_r
                0x000000000800177c       0x58 /home/pitvid/armToolC/gcc-arm-none-eabi-6-2017-q2-update/bin/../lib/gcc/arm-none-eabi/6.3.1/../../../../arm-none-eabi/lib/thumb/v7e-m/libg_nano.a(lib_a-vsnprintf.o)
                0x000000000800177c                _vsnprintf_r
                0x000000000800177c                _vsniprintf_r
 .text.vsnprintf
                0x00000000080017d4       0x1c /home/pitvid/armToolC/gcc-arm-none-eabi-6-2017-q2-update/bin/../lib/gcc/arm-none-eabi/6.3.1/../../../../arm-none-eabi/lib/thumb/v7e-m/libg_nano.a(lib_a-vsnprintf.o)
                0x00000000080017d4                vsnprintf
                0x00000000080017d4                vsniprintf
 .text.__ascii_wctomb
                0x00000000080017f0       0x1a /home/pitvid/armToolC/gcc-arm-none-eabi-6-2017-q2-update/bin/../lib/gcc/arm-none-eabi/6.3.1/../../../../arm-none-eabi/lib/thumb/v7e-m/libg_nano.a(lib_a-wctomb_r.o)
                0x00000000080017f0                __ascii_wctomb
 .text.__malloc_lock
                0x000000000800180a        0x2 /home/pitvid/armToolC/gcc-arm-none-eabi-6-2017-q2-update/bin/../lib/gcc/arm-none-eabi/6.3.1/../../../../arm-none-eabi/lib/thumb/v7e-m/libg_nano.a(lib_a-mlock.o)
                0x000000000800180a                __malloc_lock
 .text.__malloc_unlock
                0x000000000800180c        0x2 /home/pitvid/armToolC/gcc-arm-none-eabi-6-2017-q2-update/bin/../lib/gcc/arm-none-eabi/6.3.1/../../../../arm-none-eabi/lib/thumb/v7e-m/libg_nano.a(lib_a-mlock.o)
                0x000000000800180c                __malloc_unlock
 *fill*         0x000000000800180e        0x2 
 .text._free_r  0x0000000008001810       0x9c /home/pitvid/armToolC/gcc-arm-none-eabi-6-2017-q2-update/bin/../lib/gcc/arm-none-eabi/6.3.1/../../../../arm-none-eabi/lib/thumb/v7e-m/libg_nano.a(lib_a-nano-freer.o)
                0x0000000008001810                _free_r
 .text.__ssputs_r
                0x00000000080018ac       0xb6 /home/pitvid/armToolC/gcc-arm-none-eabi-6-2017-q2-update/bin/../lib/gcc/arm-none-eabi/6.3.1/../../../../arm-none-eabi/lib/thumb/v7e-m/libg_nano.a(lib_a-nano-svfprintf.o)
                0x00000000080018ac                __ssputs_r
 *fill*         0x0000000008001962        0x2 
 .text._svfprintf_r
                0x0000000008001964      0x1e8 /home/pitvid/armToolC/gcc-arm-none-eabi-6-2017-q2-update/bin/../lib/gcc/arm-none-eabi/6.3.1/../../../../arm-none-eabi/lib/thumb/v7e-m/libg_nano.a(lib_a-nano-svfprintf.o)
                0x0000000008001964                _svfprintf_r
                0x0000000008001964                _svfiprintf_r
 .text._printf_common
                0x0000000008001b4c       0xec /home/pitvid/armToolC/gcc-arm-none-eabi-6-2017-q2-update/bin/../lib/gcc/arm-none-eabi/6.3.1/../../../../arm-none-eabi/lib/thumb/v7e-m/libg_nano.a(lib_a-nano-vfprintf_i.o)
                0x0000000008001b4c                _printf_common
 .text._printf_i
                0x0000000008001c38      0x240 /home/pitvid/armToolC/gcc-arm-none-eabi-6-2017-q2-update/bin/../lib/gcc/arm-none-eabi/6.3.1/../../../../arm-none-eabi/lib/thumb/v7e-m/libg_nano.a(lib_a-nano-vfprintf_i.o)
                0x0000000008001c38                _printf_i
 *fill*         0x0000000008001e78        0x8 
 .text          0x0000000008001e80       0xa0 /home/pitvid/armToolC/gcc-arm-none-eabi-6-2017-q2-update/bin/../lib/gcc/arm-none-eabi/6.3.1/../../../../arm-none-eabi/lib/thumb/v7e-m/libg_nano.a(lib_a-memchr.o)
                0x0000000008001e80                memchr
 .text.memcpy   0x0000000008001f20       0x16 /home/pitvid/armToolC/gcc-arm-none-eabi-6-2017-q2-update/bin/../lib/gcc/arm-none-eabi/6.3.1/../../../../arm-none-eabi/lib/thumb/v7e-m/libg_nano.a(lib_a-memcpy-stub.o)
                0x0000000008001f20                memcpy
 .text.memmove  0x0000000008001f36       0x34 /home/pitvid/armToolC/gcc-arm-none-eabi-6-2017-q2-update/bin/../lib/gcc/arm-none-eabi/6.3.1/../../../../arm-none-eabi/lib/thumb/v7e-m/libg_nano.a(lib_a-memmove.o)
                0x0000000008001f36                memmove
 .text._realloc_r
                0x0000000008001f6a       0x4c /home/pitvid/armToolC/gcc-arm-none-eabi-6-2017-q2-update/bin/../lib/gcc/arm-none-eabi/6.3.1/../../../../arm-none-eabi/lib/thumb/v7e-m/libg_nano.a(lib_a-nano-reallocr.o)
                0x0000000008001f6a                _realloc_r
 .text._malloc_usable_size_r
                0x0000000008001fb6       0x12 /home/pitvid/armToolC/gcc-arm-none-eabi-6-2017-q2-update/bin/../lib/gcc/arm-none-eabi/6.3.1/../../../../arm-none-eabi/lib/thumb/v7e-m/libg_nano.a(lib_a-nano-msizer.o)
                0x0000000008001fb6                _malloc_usable_size_r
 *(.rodata .rodata.* .constdata .constdata.*)
 .rodata.HAL_NVIC_SetPriorityGrouping.str1.4
                0x0000000008001fc8       0x31 ./system/src/stm32f4-hal/stm32f4xx_hal_cortex.o
 *fill*         0x0000000008001ff9        0x3 
 .rodata.APBAHBPrescTable
                0x0000000008001ffc       0x10 ./system/src/stm32f4-hal/stm32f4xx_hal_rcc.o
                0x0000000008001ffc                APBAHBPrescTable
 .rodata.HAL_RCC_OscConfig.str1.4
                0x000000000800200c       0x2e ./system/src/stm32f4-hal/stm32f4xx_hal_rcc.o
 *fill*         0x000000000800203a        0x2 
 .rodata.abort.str1.4
                0x000000000800203c       0x14 ./system/src/newlib/_exit.o
 .rodata.initialise_monitor_handles.str1.4
                0x0000000008002050        0x4 ./system/src/newlib/_syscalls.o
 .rodata.assert_failed.str1.4
                0x0000000008002054       0x2b ./system/src/newlib/assert.o
 .rodata.trace_puts.str1.4
                0x000000000800207f       0x2b ./system/src/diag/Trace.o
                                          0x2 (size before relaxing)
 *fill*         0x000000000800207f        0x1 
 .rodata.dumpExceptionStack.str1.4
                0x0000000008002080      0x11a ./system/src/cortexm/exception_handlers.o
 .rodata.isSemihosting.str1.4
                0x000000000800219a        0x4 ./system/src/cortexm/exception_handlers.o
 *fill*         0x000000000800219a        0x2 
 .rodata.str1.4
                0x000000000800219c       0x2c ./system/src/cortexm/exception_handlers.o
                                         0x2a (size before relaxing)
 .rodata.AHBPrescTable
                0x00000000080021c8       0x10 ./system/src/cmsis/system_stm32f4xx.o
                0x00000000080021c8                AHBPrescTable
 .rodata.__sf_fake_stderr
                0x00000000080021d8       0x20 /home/pitvid/armToolC/gcc-arm-none-eabi-6-2017-q2-update/bin/../lib/gcc/arm-none-eabi/6.3.1/../../../../arm-none-eabi/lib/thumb/v7e-m/libg_nano.a(lib_a-findfp.o)
                0x00000000080021d8                __sf_fake_stderr
 .rodata.__sf_fake_stdin
                0x00000000080021f8       0x20 /home/pitvid/armToolC/gcc-arm-none-eabi-6-2017-q2-update/bin/../lib/gcc/arm-none-eabi/6.3.1/../../../../arm-none-eabi/lib/thumb/v7e-m/libg_nano.a(lib_a-findfp.o)
                0x00000000080021f8                __sf_fake_stdin
 .rodata.__sf_fake_stdout
                0x0000000008002218       0x20 /home/pitvid/armToolC/gcc-arm-none-eabi-6-2017-q2-update/bin/../lib/gcc/arm-none-eabi/6.3.1/../../../../arm-none-eabi/lib/thumb/v7e-m/libg_nano.a(lib_a-findfp.o)
                0x0000000008002218                __sf_fake_stdout
 .rodata._setlocale_r.str1.1
                0x0000000008002238        0x8 /home/pitvid/armToolC/gcc-arm-none-eabi-6-2017-q2-update/bin/../lib/gcc/arm-none-eabi/6.3.1/../../../../arm-none-eabi/lib/thumb/v7e-m/libg_nano.a(lib_a-locale.o)
                                          0x9 (size before relaxing)
 .rodata.str1.1
                0x0000000008002240        0x2 /home/pitvid/armToolC/gcc-arm-none-eabi-6-2017-q2-update/bin/../lib/gcc/arm-none-eabi/6.3.1/../../../../arm-none-eabi/lib/thumb/v7e-m/libg_nano.a(lib_a-locale.o)
 .rodata._ctype_
                0x0000000008002242      0x101 /home/pitvid/armToolC/gcc-arm-none-eabi-6-2017-q2-update/bin/../lib/gcc/arm-none-eabi/6.3.1/../../../../arm-none-eabi/lib/thumb/v7e-m/libg_nano.a(lib_a-ctype_.o)
                0x0000000008002242                _ctype_
 .rodata._svfprintf_r.str1.1
                0x0000000008002343       0x11 /home/pitvid/armToolC/gcc-arm-none-eabi-6-2017-q2-update/bin/../lib/gcc/arm-none-eabi/6.3.1/../../../../arm-none-eabi/lib/thumb/v7e-m/libg_nano.a(lib_a-nano-svfprintf.o)
 .rodata._printf_i.str1.1
                0x0000000008002354       0x22 /home/pitvid/armToolC/gcc-arm-none-eabi-6-2017-q2-update/bin/../lib/gcc/arm-none-eabi/6.3.1/../../../../arm-none-eabi/lib/thumb/v7e-m/libg_nano.a(lib_a-nano-vfprintf_i.o)
 *(vtable)
 *(.eh_frame*)
 *(.glue_7)
 .glue_7        0x0000000008002376        0x0 linker stubs
 *(.glue_7t)
 .glue_7t       0x0000000008002376        0x0 linker stubs

.vfp11_veneer   0x0000000008002378        0x0
 .vfp11_veneer  0x0000000008002378        0x0 linker stubs

.v4_bx          0x0000000008002378        0x0
 .v4_bx         0x0000000008002378        0x0 linker stubs

.iplt           0x0000000008002378        0x0
 .iplt          0x0000000008002378        0x0 ./system/src/stm32f4-hal/stm32f4xx_hal.o

.rel.dyn        0x0000000008002378        0x0
 .rel.iplt      0x0000000008002378        0x0 ./system/src/stm32f4-hal/stm32f4xx_hal.o

.ARM.extab
 *(.ARM.extab* .gnu.linkonce.armextab.*)
                0x0000000008002378                . = ALIGN (0x4)
                0x0000000008002378                __exidx_start = .

.ARM.exidx
 *(.ARM.exidx* .gnu.linkonce.armexidx.*)
                0x0000000008002378                __exidx_end = .
                0x0000000008002378                . = ALIGN (0x4)
                0x0000000008002378                _etext = .
                0x0000000008002378                __etext = .

.data_CCMRAM    0x0000000010000000        0x0 load address 0x0000000008002378
 FILL mask 0xff
 *(.data.CCMRAM .data.CCMRAM.*)
                0x0000000010000000                . = ALIGN (0x4)
                0x0000000008002378                _sidata = LOADADDR (.data)

.data           0x0000000020000000      0x1e0 load address 0x0000000008002378
 FILL mask 0xff
                0x0000000020000000                _sdata = .
                0x0000000020000000                __data_start__ = .
 *(.data_begin .data_begin.*)
 .data_begin    0x0000000020000000        0x4 ./system/src/newlib/_startup.o
 *(.data .data.*)
 .data.SystemCoreClock
                0x0000000020000004        0x4 ./system/src/cmsis/system_stm32f4xx.o
                0x0000000020000004                SystemCoreClock
 .data.next_task
                0x0000000020000008        0x4 ./src/main.o
                0x0000000020000008                next_task
 .data._impure_ptr
                0x000000002000000c        0x4 /home/pitvid/armToolC/gcc-arm-none-eabi-6-2017-q2-update/bin/../lib/gcc/arm-none-eabi/6.3.1/../../../../arm-none-eabi/lib/thumb/v7e-m/libg_nano.a(lib_a-impure.o)
                0x000000002000000c                _impure_ptr
 .data.impure_data
                0x0000000020000010       0x60 /home/pitvid/armToolC/gcc-arm-none-eabi-6-2017-q2-update/bin/../lib/gcc/arm-none-eabi/6.3.1/../../../../arm-none-eabi/lib/thumb/v7e-m/libg_nano.a(lib_a-impure.o)
 .data.__global_locale
                0x0000000020000070      0x16c /home/pitvid/armToolC/gcc-arm-none-eabi-6-2017-q2-update/bin/../lib/gcc/arm-none-eabi/6.3.1/../../../../arm-none-eabi/lib/thumb/v7e-m/libg_nano.a(lib_a-locale.o)
                0x0000000020000070                __global_locale
 *(.data_end .data_end.*)
 .data_end      0x00000000200001dc        0x4 ./system/src/newlib/_startup.o
                0x00000000200001e0                . = ALIGN (0x4)
                0x00000000200001e0                _edata = .
                0x00000000200001e0                __data_end__ = .

.igot.plt       0x00000000200001e0        0x0 load address 0x0000000008002558
 .igot.plt      0x00000000200001e0        0x0 ./system/src/stm32f4-hal/stm32f4xx_hal.o

.bss_CCMRAM     0x0000000010000000        0x0
 *(.bss.CCMRAM .bss.CCMRAM.*)

.bss            0x00000000200001e0     0x61f8
                0x00000000200001e0                __bss_start__ = .
                0x00000000200001e0                _sbss = .
 *(.bss_begin .bss_begin.*)
 .bss_begin     0x00000000200001e0        0x4 ./system/src/newlib/_startup.o
 *(.bss .bss.*)
 .bss.current_heap_end.4427
                0x00000000200001e4        0x4 ./system/src/newlib/_sbrk.o
 .bss.args_buf.6278
                0x00000000200001e8       0x50 ./system/src/newlib/_syscalls.o
 .bss.argv_buf.6279
                0x0000000020000238       0x28 ./system/src/newlib/_syscalls.o
 .bss.monitor_stderr
                0x0000000020000260        0x4 ./system/src/newlib/_syscalls.o
 .bss.monitor_stdin
                0x0000000020000264        0x4 ./system/src/newlib/_syscalls.o
 .bss.monitor_stdout
                0x0000000020000268        0x4 ./system/src/newlib/_syscalls.o
 .bss.openfiles
                0x000000002000026c       0xa0 ./system/src/newlib/_syscalls.o
 .bss.buf.5632  0x000000002000030c       0x80 ./system/src/diag/Trace.o
 .bss.curr_task
                0x000000002000038c        0x4 ./src/main.o
                0x000000002000038c                curr_task
 .bss.__malloc_free_list
                0x0000000020000390        0x4 /home/pitvid/armToolC/gcc-arm-none-eabi-6-2017-q2-update/bin/../lib/gcc/arm-none-eabi/6.3.1/../../../../arm-none-eabi/lib/thumb/v7e-m/libg_nano.a(lib_a-nano-mallocr.o)
                0x0000000020000390                __malloc_free_list
 .bss.__malloc_sbrk_start
                0x0000000020000394        0x4 /home/pitvid/armToolC/gcc-arm-none-eabi-6-2017-q2-update/bin/../lib/gcc/arm-none-eabi/6.3.1/../../../../arm-none-eabi/lib/thumb/v7e-m/libg_nano.a(lib_a-nano-mallocr.o)
                0x0000000020000394                __malloc_sbrk_start
 *(COMMON)
 COMMON         0x0000000020000398        0x4 ./system/src/stm32f4-hal/stm32f4xx_hal.o
                0x0000000020000398                uwTick
 COMMON         0x000000002000039c        0x4 ./system/src/newlib/_syscalls.o
                0x000000002000039c                errno
 COMMON         0x00000000200003a0     0x6034 ./src/main.o
                0x00000000200003a0                task2_stack
                0x00000000200023a0                task3_stack
                0x00000000200043a0                Tasks
                0x00000000200043c8                task1_stack
                0x00000000200063c8                PSP_array
 *(.bss_end .bss_end.*)
 .bss_end       0x00000000200063d4        0x4 ./system/src/newlib/_startup.o
                0x00000000200063d8                . = ALIGN (0x4)
                0x00000000200063d8                __bss_end__ = .
                0x00000000200063d8                _ebss = .

.noinit_CCMRAM
 *(.noinit.CCMRAM .noinit.CCMRAM.*)

.noinit         0x00000000200063d8        0x0
                0x00000000200063d8                _noinit = .
 *(.noinit .noinit.*)
                0x00000000200063d8                . = ALIGN (0x4)
                0x00000000200063d8                _end_noinit = .
                [!provide]                        PROVIDE (end, _end_noinit)
                [!provide]                        PROVIDE (_end, _end_noinit)
                [!provide]                        PROVIDE (__end, _end_noinit)
                [!provide]                        PROVIDE (__end__, _end_noinit)

._check_stack   0x00000000200063d8      0x100
                0x00000000200064d8                . = (. + _Minimum_Stack_Size)
 *fill*         0x00000000200063d8      0x100 

.b1text
 *(.b1text)
 *(.b1rodata)
 *(.b1rodata.*)

.eb0text
 *(.eb0text)
 *(.eb0rodata)
 *(.eb0rodata.*)

.eb1text
 *(.eb1text)
 *(.eb1rodata)
 *(.eb1rodata.*)

.eb2text
 *(.eb2text)
 *(.eb2rodata)
 *(.eb2rodata.*)

.eb3text
 *(.eb3text)
 *(.eb3rodata)
 *(.eb3rodata.*)

.stab
 *(.stab)

.stabstr
 *(.stabstr)

.stab.excl
 *(.stab.excl)

.stab.exclstr
 *(.stab.exclstr)

.stab.index
 *(.stab.index)

.stab.indexstr
 *(.stab.indexstr)

.comment        0x0000000000000000       0x7f
 *(.comment)
 .comment       0x0000000000000000       0x7f ./system/src/stm32f4-hal/stm32f4xx_hal.o
                                         0x80 (size before relaxing)
 .comment       0x000000000000007f       0x80 ./system/src/stm32f4-hal/stm32f4xx_hal_cortex.o
 .comment       0x000000000000007f       0x80 ./system/src/stm32f4-hal/stm32f4xx_hal_rcc.o
 .comment       0x000000000000007f       0x80 ./system/src/newlib/_exit.o
 .comment       0x000000000000007f       0x80 ./system/src/newlib/_sbrk.o
 .comment       0x000000000000007f       0x80 ./system/src/newlib/_startup.o
 .comment       0x000000000000007f       0x80 ./system/src/newlib/_syscalls.o
 .comment       0x000000000000007f       0x80 ./system/src/newlib/assert.o
 .comment       0x000000000000007f       0x80 ./system/src/diag/Trace.o
 .comment       0x000000000000007f       0x80 ./system/src/diag/trace_impl.o
 .comment       0x000000000000007f       0x80 ./system/src/cortexm/_initialize_hardware.o
 .comment       0x000000000000007f       0x80 ./system/src/cortexm/exception_handlers.o
 .comment       0x000000000000007f       0x80 ./system/src/cmsis/system_stm32f4xx.o
 .comment       0x000000000000007f       0x80 ./system/src/cmsis/vectors_stm32f407xx.o
 .comment       0x000000000000007f       0x80 ./src/_initialize_hardware.o
 .comment       0x000000000000007f       0x80 ./src/main.o
 .comment       0x000000000000007f       0x80 ./src/schedulerCore.o
 .comment       0x000000000000007f       0x80 ./src/stm32f4xx_hal_msp.o

.ARM.attributes
                0x0000000000000000       0x31
 .ARM.attributes
                0x0000000000000000       0x33 ./system/src/stm32f4-hal/stm32f4xx_hal.o
 .ARM.attributes
                0x0000000000000033       0x33 ./system/src/stm32f4-hal/stm32f4xx_hal_cortex.o
 .ARM.attributes
                0x0000000000000066       0x33 ./system/src/stm32f4-hal/stm32f4xx_hal_rcc.o
 .ARM.attributes
                0x0000000000000099       0x33 ./system/src/newlib/_exit.o
 .ARM.attributes
                0x00000000000000cc       0x33 ./system/src/newlib/_sbrk.o
 .ARM.attributes
                0x00000000000000ff       0x33 ./system/src/newlib/_startup.o
 .ARM.attributes
                0x0000000000000132       0x33 ./system/src/newlib/_syscalls.o
 .ARM.attributes
                0x0000000000000165       0x33 ./system/src/newlib/assert.o
 .ARM.attributes
                0x0000000000000198       0x33 ./system/src/diag/Trace.o
 .ARM.attributes
                0x00000000000001cb       0x33 ./system/src/diag/trace_impl.o
 .ARM.attributes
                0x00000000000001fe       0x33 ./system/src/cortexm/_initialize_hardware.o
 .ARM.attributes
                0x0000000000000231       0x33 ./system/src/cortexm/exception_handlers.o
 .ARM.attributes
                0x0000000000000264       0x33 ./system/src/cmsis/system_stm32f4xx.o
 .ARM.attributes
                0x0000000000000297       0x33 ./system/src/cmsis/vectors_stm32f407xx.o
 .ARM.attributes
                0x00000000000002ca       0x33 ./src/_initialize_hardware.o
 .ARM.attributes
                0x00000000000002fd       0x33 ./src/main.o
 .ARM.attributes
                0x0000000000000330       0x33 ./src/schedulerCore.o
 .ARM.attributes
                0x0000000000000363       0x33 ./src/stm32f4xx_hal_msp.o
 .ARM.attributes
                0x0000000000000396       0x2e /home/pitvid/armToolC/gcc-arm-none-eabi-6-2017-q2-update/bin/../lib/gcc/arm-none-eabi/6.3.1/../../../../arm-none-eabi/lib/thumb/v7e-m/libg_nano.a(lib_a-errno.o)
 .ARM.attributes
                0x00000000000003c4       0x2e /home/pitvid/armToolC/gcc-arm-none-eabi-6-2017-q2-update/bin/../lib/gcc/arm-none-eabi/6.3.1/../../../../arm-none-eabi/lib/thumb/v7e-m/libg_nano.a(lib_a-findfp.o)
 .ARM.attributes
                0x00000000000003f2       0x2e /home/pitvid/armToolC/gcc-arm-none-eabi-6-2017-q2-update/bin/../lib/gcc/arm-none-eabi/6.3.1/../../../../arm-none-eabi/lib/thumb/v7e-m/libg_nano.a(lib_a-impure.o)
 .ARM.attributes
                0x0000000000000420       0x2e /home/pitvid/armToolC/gcc-arm-none-eabi-6-2017-q2-update/bin/../lib/gcc/arm-none-eabi/6.3.1/../../../../arm-none-eabi/lib/thumb/v7e-m/libg_nano.a(lib_a-locale.o)
 .ARM.attributes
                0x000000000000044e       0x2e /home/pitvid/armToolC/gcc-arm-none-eabi-6-2017-q2-update/bin/../lib/gcc/arm-none-eabi/6.3.1/../../../../arm-none-eabi/lib/thumb/v7e-m/libg_nano.a(lib_a-mbtowc_r.o)
 .ARM.attributes
                0x000000000000047c       0x2e /home/pitvid/armToolC/gcc-arm-none-eabi-6-2017-q2-update/bin/../lib/gcc/arm-none-eabi/6.3.1/../../../../arm-none-eabi/lib/thumb/v7e-m/libg_nano.a(lib_a-nano-mallocr.o)
 .ARM.attributes
                0x00000000000004aa       0x2e /home/pitvid/armToolC/gcc-arm-none-eabi-6-2017-q2-update/bin/../lib/gcc/arm-none-eabi/6.3.1/../../../../arm-none-eabi/lib/thumb/v7e-m/libg_nano.a(lib_a-sbrkr.o)
 .ARM.attributes
                0x00000000000004d8       0x1c /home/pitvid/armToolC/gcc-arm-none-eabi-6-2017-q2-update/bin/../lib/gcc/arm-none-eabi/6.3.1/../../../../arm-none-eabi/lib/thumb/v7e-m/libg_nano.a(lib_a-strcmp.o)
 .ARM.attributes
                0x00000000000004f4       0x17 /home/pitvid/armToolC/gcc-arm-none-eabi-6-2017-q2-update/bin/../lib/gcc/arm-none-eabi/6.3.1/../../../../arm-none-eabi/lib/thumb/v7e-m/libg_nano.a(lib_a-strlen.o)
 .ARM.attributes
                0x000000000000050b       0x2e /home/pitvid/armToolC/gcc-arm-none-eabi-6-2017-q2-update/bin/../lib/gcc/arm-none-eabi/6.3.1/../../../../arm-none-eabi/lib/thumb/v7e-m/libg_nano.a(lib_a-vsnprintf.o)
 .ARM.attributes
                0x0000000000000539       0x2e /home/pitvid/armToolC/gcc-arm-none-eabi-6-2017-q2-update/bin/../lib/gcc/arm-none-eabi/6.3.1/../../../../arm-none-eabi/lib/thumb/v7e-m/libg_nano.a(lib_a-wctomb_r.o)
 .ARM.attributes
                0x0000000000000567       0x2e /home/pitvid/armToolC/gcc-arm-none-eabi-6-2017-q2-update/bin/../lib/gcc/arm-none-eabi/6.3.1/../../../../arm-none-eabi/lib/thumb/v7e-m/libg_nano.a(lib_a-ctype_.o)
 .ARM.attributes
                0x0000000000000595       0x2e /home/pitvid/armToolC/gcc-arm-none-eabi-6-2017-q2-update/bin/../lib/gcc/arm-none-eabi/6.3.1/../../../../arm-none-eabi/lib/thumb/v7e-m/libg_nano.a(lib_a-mlock.o)
 .ARM.attributes
                0x00000000000005c3       0x2e /home/pitvid/armToolC/gcc-arm-none-eabi-6-2017-q2-update/bin/../lib/gcc/arm-none-eabi/6.3.1/../../../../arm-none-eabi/lib/thumb/v7e-m/libg_nano.a(lib_a-nano-freer.o)
 .ARM.attributes
                0x00000000000005f1       0x2e /home/pitvid/armToolC/gcc-arm-none-eabi-6-2017-q2-update/bin/../lib/gcc/arm-none-eabi/6.3.1/../../../../arm-none-eabi/lib/thumb/v7e-m/libg_nano.a(lib_a-nano-svfprintf.o)
 .ARM.attributes
                0x000000000000061f       0x2e /home/pitvid/armToolC/gcc-arm-none-eabi-6-2017-q2-update/bin/../lib/gcc/arm-none-eabi/6.3.1/../../../../arm-none-eabi/lib/thumb/v7e-m/libg_nano.a(lib_a-nano-vfprintf_i.o)
 .ARM.attributes
                0x000000000000064d       0x1c /home/pitvid/armToolC/gcc-arm-none-eabi-6-2017-q2-update/bin/../lib/gcc/arm-none-eabi/6.3.1/../../../../arm-none-eabi/lib/thumb/v7e-m/libg_nano.a(lib_a-memchr.o)
 .ARM.attributes
                0x0000000000000669       0x2e /home/pitvid/armToolC/gcc-arm-none-eabi-6-2017-q2-update/bin/../lib/gcc/arm-none-eabi/6.3.1/../../../../arm-none-eabi/lib/thumb/v7e-m/libg_nano.a(lib_a-memcpy-stub.o)
 .ARM.attributes
                0x0000000000000697       0x2e /home/pitvid/armToolC/gcc-arm-none-eabi-6-2017-q2-update/bin/../lib/gcc/arm-none-eabi/6.3.1/../../../../arm-none-eabi/lib/thumb/v7e-m/libg_nano.a(lib_a-memmove.o)
 .ARM.attributes
                0x00000000000006c5       0x2e /home/pitvid/armToolC/gcc-arm-none-eabi-6-2017-q2-update/bin/../lib/gcc/arm-none-eabi/6.3.1/../../../../arm-none-eabi/lib/thumb/v7e-m/libg_nano.a(lib_a-nano-reallocr.o)
 .ARM.attributes
                0x00000000000006f3       0x2e /home/pitvid/armToolC/gcc-arm-none-eabi-6-2017-q2-update/bin/../lib/gcc/arm-none-eabi/6.3.1/../../../../arm-none-eabi/lib/thumb/v7e-m/libg_nano.a(lib_a-nano-msizer.o)

.debug
 *(.debug)

.line
 *(.line)

.debug_srcinfo
 *(.debug_srcinfo)

.debug_sfnames
 *(.debug_sfnames)

.debug_aranges  0x0000000000000000      0x5e0
 *(.debug_aranges)
 .debug_aranges
                0x0000000000000000       0xc0 ./system/src/stm32f4-hal/stm32f4xx_hal.o
 .debug_aranges
                0x00000000000000c0       0x98 ./system/src/stm32f4-hal/stm32f4xx_hal_cortex.o
 .debug_aranges
                0x0000000000000158       0x88 ./system/src/stm32f4-hal/stm32f4xx_hal_rcc.o
 .debug_aranges
                0x00000000000001e0       0x28 ./system/src/newlib/_exit.o
 .debug_aranges
                0x0000000000000208       0x20 ./system/src/newlib/_sbrk.o
 .debug_aranges
                0x0000000000000228       0x40 ./system/src/newlib/_startup.o
 .debug_aranges
                0x0000000000000268      0x120 ./system/src/newlib/_syscalls.o
 .debug_aranges
                0x0000000000000388       0x28 ./system/src/newlib/assert.o
 .debug_aranges
                0x00000000000003b0       0x38 ./system/src/diag/Trace.o
 .debug_aranges
                0x00000000000003e8       0x30 ./system/src/diag/trace_impl.o
 .debug_aranges
                0x0000000000000418       0x28 ./system/src/cortexm/_initialize_hardware.o
 .debug_aranges
                0x0000000000000440       0x80 ./system/src/cortexm/exception_handlers.o
 .debug_aranges
                0x00000000000004c0       0x28 ./system/src/cmsis/system_stm32f4xx.o
 .debug_aranges
                0x00000000000004e8       0x20 ./system/src/cmsis/vectors_stm32f407xx.o
 .debug_aranges
                0x0000000000000508       0x28 ./src/_initialize_hardware.o
 .debug_aranges
                0x0000000000000530       0x30 ./src/main.o
 .debug_aranges
                0x0000000000000560       0x48 ./src/schedulerCore.o
 .debug_aranges
                0x00000000000005a8       0x38 ./src/stm32f4xx_hal_msp.o

.debug_pubnames
 *(.debug_pubnames)

.debug_info     0x0000000000000000     0xf99d
 *(.debug_info .gnu.linkonce.wi.*)
 .debug_info    0x0000000000000000     0x110a ./system/src/stm32f4-hal/stm32f4xx_hal.o
 .debug_info    0x000000000000110a     0x192a ./system/src/stm32f4-hal/stm32f4xx_hal_cortex.o
 .debug_info    0x0000000000002a34     0x1784 ./system/src/stm32f4-hal/stm32f4xx_hal_rcc.o
 .debug_info    0x00000000000041b8      0x95d ./system/src/newlib/_exit.o
 .debug_info    0x0000000000004b15      0x949 ./system/src/newlib/_sbrk.o
 .debug_info    0x000000000000545e      0x4d5 ./system/src/newlib/_startup.o
 .debug_info    0x0000000000005933     0x2018 ./system/src/newlib/_syscalls.o
 .debug_info    0x000000000000794b      0xa1c ./system/src/newlib/assert.o
 .debug_info    0x0000000000008367      0xb31 ./system/src/diag/Trace.o
 .debug_info    0x0000000000008e98      0xb8b ./system/src/diag/trace_impl.o
 .debug_info    0x0000000000009a23      0xb06 ./system/src/cortexm/_initialize_hardware.o
 .debug_info    0x000000000000a529     0x1206 ./system/src/cortexm/exception_handlers.o
 .debug_info    0x000000000000b72f      0xcfc ./system/src/cmsis/system_stm32f4xx.o
 .debug_info    0x000000000000c42b       0xd1 ./system/src/cmsis/vectors_stm32f407xx.o
 .debug_info    0x000000000000c4fc      0xd30 ./src/_initialize_hardware.o
 .debug_info    0x000000000000d22c     0x11d1 ./src/main.o
 .debug_info    0x000000000000e3fd      0xc74 ./src/schedulerCore.o
 .debug_info    0x000000000000f071      0x92c ./src/stm32f4xx_hal_msp.o

.debug_abbrev   0x0000000000000000     0x2d44
 *(.debug_abbrev)
 .debug_abbrev  0x0000000000000000      0x329 ./system/src/stm32f4-hal/stm32f4xx_hal.o
 .debug_abbrev  0x0000000000000329      0x3ef ./system/src/stm32f4-hal/stm32f4xx_hal_cortex.o
 .debug_abbrev  0x0000000000000718      0x392 ./system/src/stm32f4-hal/stm32f4xx_hal_rcc.o
 .debug_abbrev  0x0000000000000aaa      0x1f3 ./system/src/newlib/_exit.o
 .debug_abbrev  0x0000000000000c9d      0x1fc ./system/src/newlib/_sbrk.o
 .debug_abbrev  0x0000000000000e99      0x1c4 ./system/src/newlib/_startup.o
 .debug_abbrev  0x000000000000105d      0x428 ./system/src/newlib/_syscalls.o
 .debug_abbrev  0x0000000000001485      0x1f3 ./system/src/newlib/assert.o
 .debug_abbrev  0x0000000000001678      0x276 ./system/src/diag/Trace.o
 .debug_abbrev  0x00000000000018ee      0x2ef ./system/src/diag/trace_impl.o
 .debug_abbrev  0x0000000000001bdd      0x1de ./system/src/cortexm/_initialize_hardware.o
 .debug_abbrev  0x0000000000001dbb      0x356 ./system/src/cortexm/exception_handlers.o
 .debug_abbrev  0x0000000000002111      0x216 ./system/src/cmsis/system_stm32f4xx.o
 .debug_abbrev  0x0000000000002327       0x9d ./system/src/cmsis/vectors_stm32f407xx.o
 .debug_abbrev  0x00000000000023c4      0x22d ./src/_initialize_hardware.o
 .debug_abbrev  0x00000000000025f1      0x34c ./src/main.o
 .debug_abbrev  0x000000000000293d      0x256 ./src/schedulerCore.o
 .debug_abbrev  0x0000000000002b93      0x1b1 ./src/stm32f4xx_hal_msp.o

.debug_line     0x0000000000000000     0x9a77
 *(.debug_line)
 .debug_line    0x0000000000000000      0xbd6 ./system/src/stm32f4-hal/stm32f4xx_hal.o
 .debug_line    0x0000000000000bd6      0xcd6 ./system/src/stm32f4-hal/stm32f4xx_hal_cortex.o
 .debug_line    0x00000000000018ac      0xe57 ./system/src/stm32f4-hal/stm32f4xx_hal_rcc.o
 .debug_line    0x0000000000002703      0x350 ./system/src/newlib/_exit.o
 .debug_line    0x0000000000002a53      0x304 ./system/src/newlib/_sbrk.o
 .debug_line    0x0000000000002d57      0x3d5 ./system/src/newlib/_startup.o
 .debug_line    0x000000000000312c      0x8c3 ./system/src/newlib/_syscalls.o
 .debug_line    0x00000000000039ef      0x394 ./system/src/newlib/assert.o
 .debug_line    0x0000000000003d83      0x3be ./system/src/diag/Trace.o
 .debug_line    0x0000000000004141      0xb12 ./system/src/diag/trace_impl.o
 .debug_line    0x0000000000004c53      0xa7a ./system/src/cortexm/_initialize_hardware.o
 .debug_line    0x00000000000056cd      0xbfd ./system/src/cortexm/exception_handlers.o
 .debug_line    0x00000000000062ca      0xa82 ./system/src/cmsis/system_stm32f4xx.o
 .debug_line    0x0000000000006d4c      0x24b ./system/src/cmsis/vectors_stm32f407xx.o
 .debug_line    0x0000000000006f97      0xa74 ./src/_initialize_hardware.o
 .debug_line    0x0000000000007a0b      0xb11 ./src/main.o
 .debug_line    0x000000000000851c      0xae7 ./src/schedulerCore.o
 .debug_line    0x0000000000009003      0xa74 ./src/stm32f4xx_hal_msp.o

.debug_frame    0x0000000000000000     0x1270
 *(.debug_frame)
 .debug_frame   0x0000000000000000      0x188 ./system/src/stm32f4-hal/stm32f4xx_hal.o
 .debug_frame   0x0000000000000188      0x17c ./system/src/stm32f4-hal/stm32f4xx_hal_cortex.o
 .debug_frame   0x0000000000000304      0x140 ./system/src/stm32f4-hal/stm32f4xx_hal_rcc.o
 .debug_frame   0x0000000000000444       0x38 ./system/src/newlib/_exit.o
 .debug_frame   0x000000000000047c       0x28 ./system/src/newlib/_sbrk.o
 .debug_frame   0x00000000000004a4       0x7c ./system/src/newlib/_startup.o
 .debug_frame   0x0000000000000520      0x3dc ./system/src/newlib/_syscalls.o
 .debug_frame   0x00000000000008fc       0x40 ./system/src/newlib/assert.o
 .debug_frame   0x000000000000093c       0x94 ./system/src/diag/Trace.o
 .debug_frame   0x00000000000009d0       0x64 ./system/src/diag/trace_impl.o
 .debug_frame   0x0000000000000a34       0x40 ./system/src/cortexm/_initialize_hardware.o
 .debug_frame   0x0000000000000a74      0x144 ./system/src/cortexm/exception_handlers.o
 .debug_frame   0x0000000000000bb8       0x30 ./system/src/cmsis/system_stm32f4xx.o
 .debug_frame   0x0000000000000be8       0x20 ./system/src/cmsis/vectors_stm32f407xx.o
 .debug_frame   0x0000000000000c08       0x48 ./src/_initialize_hardware.o
 .debug_frame   0x0000000000000c50       0x58 ./src/main.o
 .debug_frame   0x0000000000000ca8       0x88 ./src/schedulerCore.o
 .debug_frame   0x0000000000000d30       0x50 ./src/stm32f4xx_hal_msp.o
 .debug_frame   0x0000000000000d80       0x20 /home/pitvid/armToolC/gcc-arm-none-eabi-6-2017-q2-update/bin/../lib/gcc/arm-none-eabi/6.3.1/../../../../arm-none-eabi/lib/thumb/v7e-m/libg_nano.a(lib_a-errno.o)
 .debug_frame   0x0000000000000da0      0x11c /home/pitvid/armToolC/gcc-arm-none-eabi-6-2017-q2-update/bin/../lib/gcc/arm-none-eabi/6.3.1/../../../../arm-none-eabi/lib/thumb/v7e-m/libg_nano.a(lib_a-findfp.o)
 .debug_frame   0x0000000000000ebc       0x68 /home/pitvid/armToolC/gcc-arm-none-eabi-6-2017-q2-update/bin/../lib/gcc/arm-none-eabi/6.3.1/../../../../arm-none-eabi/lib/thumb/v7e-m/libg_nano.a(lib_a-locale.o)
 .debug_frame   0x0000000000000f24       0x48 /home/pitvid/armToolC/gcc-arm-none-eabi-6-2017-q2-update/bin/../lib/gcc/arm-none-eabi/6.3.1/../../../../arm-none-eabi/lib/thumb/v7e-m/libg_nano.a(lib_a-mbtowc_r.o)
 .debug_frame   0x0000000000000f6c       0x2c /home/pitvid/armToolC/gcc-arm-none-eabi-6-2017-q2-update/bin/../lib/gcc/arm-none-eabi/6.3.1/../../../../arm-none-eabi/lib/thumb/v7e-m/libg_nano.a(lib_a-nano-mallocr.o)
 .debug_frame   0x0000000000000f98       0x2c /home/pitvid/armToolC/gcc-arm-none-eabi-6-2017-q2-update/bin/../lib/gcc/arm-none-eabi/6.3.1/../../../../arm-none-eabi/lib/thumb/v7e-m/libg_nano.a(lib_a-sbrkr.o)
 .debug_frame   0x0000000000000fc4       0x20 /home/pitvid/armToolC/gcc-arm-none-eabi-6-2017-q2-update/bin/../lib/gcc/arm-none-eabi/6.3.1/../../../../arm-none-eabi/lib/thumb/v7e-m/libg_nano.a(lib_a-strcmp.o)
 .debug_frame   0x0000000000000fe4       0x4c /home/pitvid/armToolC/gcc-arm-none-eabi-6-2017-q2-update/bin/../lib/gcc/arm-none-eabi/6.3.1/../../../../arm-none-eabi/lib/thumb/v7e-m/libg_nano.a(lib_a-vsnprintf.o)
 .debug_frame   0x0000000000001030       0x3c /home/pitvid/armToolC/gcc-arm-none-eabi-6-2017-q2-update/bin/../lib/gcc/arm-none-eabi/6.3.1/../../../../arm-none-eabi/lib/thumb/v7e-m/libg_nano.a(lib_a-wctomb_r.o)
 .debug_frame   0x000000000000106c       0x30 /home/pitvid/armToolC/gcc-arm-none-eabi-6-2017-q2-update/bin/../lib/gcc/arm-none-eabi/6.3.1/../../../../arm-none-eabi/lib/thumb/v7e-m/libg_nano.a(lib_a-mlock.o)
 .debug_frame   0x000000000000109c       0x38 /home/pitvid/armToolC/gcc-arm-none-eabi-6-2017-q2-update/bin/../lib/gcc/arm-none-eabi/6.3.1/../../../../arm-none-eabi/lib/thumb/v7e-m/libg_nano.a(lib_a-nano-freer.o)
 .debug_frame   0x00000000000010d4       0x90 /home/pitvid/armToolC/gcc-arm-none-eabi-6-2017-q2-update/bin/../lib/gcc/arm-none-eabi/6.3.1/../../../../arm-none-eabi/lib/thumb/v7e-m/libg_nano.a(lib_a-nano-svfprintf.o)
 .debug_frame   0x0000000000001164       0x60 /home/pitvid/armToolC/gcc-arm-none-eabi-6-2017-q2-update/bin/../lib/gcc/arm-none-eabi/6.3.1/../../../../arm-none-eabi/lib/thumb/v7e-m/libg_nano.a(lib_a-nano-vfprintf_i.o)
 .debug_frame   0x00000000000011c4       0x28 /home/pitvid/armToolC/gcc-arm-none-eabi-6-2017-q2-update/bin/../lib/gcc/arm-none-eabi/6.3.1/../../../../arm-none-eabi/lib/thumb/v7e-m/libg_nano.a(lib_a-memcpy-stub.o)
 .debug_frame   0x00000000000011ec       0x28 /home/pitvid/armToolC/gcc-arm-none-eabi-6-2017-q2-update/bin/../lib/gcc/arm-none-eabi/6.3.1/../../../../arm-none-eabi/lib/thumb/v7e-m/libg_nano.a(lib_a-memmove.o)
 .debug_frame   0x0000000000001214       0x3c /home/pitvid/armToolC/gcc-arm-none-eabi-6-2017-q2-update/bin/../lib/gcc/arm-none-eabi/6.3.1/../../../../arm-none-eabi/lib/thumb/v7e-m/libg_nano.a(lib_a-nano-reallocr.o)
 .debug_frame   0x0000000000001250       0x20 /home/pitvid/armToolC/gcc-arm-none-eabi-6-2017-q2-update/bin/../lib/gcc/arm-none-eabi/6.3.1/../../../../arm-none-eabi/lib/thumb/v7e-m/libg_nano.a(lib_a-nano-msizer.o)

.debug_str      0x0000000000000000    0x9ba57
 *(.debug_str)
 .debug_str     0x0000000000000000    0x9730a ./system/src/stm32f4-hal/stm32f4xx_hal.o
                                      0x97727 (size before relaxing)
 .debug_str     0x000000000009730a      0x39a ./system/src/stm32f4-hal/stm32f4xx_hal_cortex.o
                                      0x975b8 (size before relaxing)
 .debug_str     0x00000000000976a4      0x400 ./system/src/stm32f4-hal/stm32f4xx_hal_rcc.o
                                      0x97157 (size before relaxing)
 .debug_str     0x0000000000097aa4     0x10fa ./system/src/newlib/_exit.o
                                       0x7567 (size before relaxing)
 .debug_str     0x0000000000098b9e      0x4f5 ./system/src/newlib/_sbrk.o
                                       0x6919 (size before relaxing)
 .debug_str     0x0000000000099093      0x2c6 ./system/src/newlib/_startup.o
                                       0x60e8 (size before relaxing)
 .debug_str     0x0000000000099359     0x1edc ./system/src/newlib/_syscalls.o
                                       0xa962 (size before relaxing)
 .debug_str     0x000000000009b235       0xd0 ./system/src/newlib/assert.o
                                       0x801d (size before relaxing)
 .debug_str     0x000000000009b305      0x156 ./system/src/diag/Trace.o
                                       0x7d49 (size before relaxing)
 .debug_str     0x000000000009b45b       0xa2 ./system/src/diag/trace_impl.o
                                      0x97ed1 (size before relaxing)
 .debug_str     0x000000000009b4fd       0x5e ./system/src/cortexm/_initialize_hardware.o
                                      0x96c6d (size before relaxing)
 .debug_str     0x000000000009b55b      0x1b7 ./system/src/cortexm/exception_handlers.o
                                      0x980a0 (size before relaxing)
 .debug_str     0x000000000009b712       0x46 ./system/src/cmsis/system_stm32f4xx.o
                                      0x96d3c (size before relaxing)
 .debug_str     0x000000000009b758       0x59 ./system/src/cmsis/vectors_stm32f407xx.o
                                       0x3556 (size before relaxing)
 .debug_str     0x000000000009b7b1       0x31 ./src/_initialize_hardware.o
                                      0x96e52 (size before relaxing)
 .debug_str     0x000000000009b7e2      0x206 ./src/main.o
                                      0x974c3 (size before relaxing)
 .debug_str     0x000000000009b9e8       0x32 ./src/schedulerCore.o
                                      0x96e00 (size before relaxing)
 .debug_str     0x000000000009ba1a       0x3d ./src/stm32f4xx_hal_msp.o
                                      0x96bab (size before relaxing)

.debug_loc      0x0000000000000000     0x2a0a
 *(.debug_loc)
 .debug_loc     0x0000000000000000       0x92 ./system/src/stm32f4-hal/stm32f4xx_hal.o
 .debug_loc     0x0000000000000092      0x73b ./system/src/stm32f4-hal/stm32f4xx_hal_cortex.o
 .debug_loc     0x00000000000007cd      0x4cd ./system/src/stm32f4-hal/stm32f4xx_hal_rcc.o
 .debug_loc     0x0000000000000c9a       0x85 ./system/src/newlib/_sbrk.o
 .debug_loc     0x0000000000000d1f      0x2d3 ./system/src/newlib/_startup.o
 .debug_loc     0x0000000000000ff2      0xfe5 ./system/src/newlib/_syscalls.o
 .debug_loc     0x0000000000001fd7      0x134 ./system/src/newlib/assert.o
 .debug_loc     0x000000000000210b       0xf6 ./system/src/diag/Trace.o
 .debug_loc     0x0000000000002201      0x121 ./system/src/diag/trace_impl.o
 .debug_loc     0x0000000000002322      0x43d ./system/src/cortexm/exception_handlers.o
 .debug_loc     0x000000000000275f      0x13e ./system/src/cmsis/system_stm32f4xx.o
 .debug_loc     0x000000000000289d       0xf0 ./src/main.o
 .debug_loc     0x000000000000298d       0x7d ./src/schedulerCore.o

.debug_macinfo
 *(.debug_macinfo)

.debug_weaknames
 *(.debug_weaknames)

.debug_funcnames
 *(.debug_funcnames)

.debug_typenames
 *(.debug_typenames)

.debug_varnames
 *(.debug_varnames)
OUTPUT(c_scheduler.elf elf32-littlearm)

.debug_ranges   0x0000000000000000      0x5e0
 .debug_ranges  0x0000000000000000       0xb0 ./system/src/stm32f4-hal/stm32f4xx_hal.o
 .debug_ranges  0x00000000000000b0       0xe8 ./system/src/stm32f4-hal/stm32f4xx_hal_cortex.o
 .debug_ranges  0x0000000000000198       0x78 ./system/src/stm32f4-hal/stm32f4xx_hal_rcc.o
 .debug_ranges  0x0000000000000210       0x18 ./system/src/newlib/_exit.o
 .debug_ranges  0x0000000000000228       0x10 ./system/src/newlib/_sbrk.o
 .debug_ranges  0x0000000000000238       0x90 ./system/src/newlib/_startup.o
 .debug_ranges  0x00000000000002c8      0x158 ./system/src/newlib/_syscalls.o
 .debug_ranges  0x0000000000000420       0x18 ./system/src/newlib/assert.o
 .debug_ranges  0x0000000000000438       0x28 ./system/src/diag/Trace.o
 .debug_ranges  0x0000000000000460       0x38 ./system/src/diag/trace_impl.o
 .debug_ranges  0x0000000000000498       0x18 ./system/src/cortexm/_initialize_hardware.o
 .debug_ranges  0x00000000000004b0       0x70 ./system/src/cortexm/exception_handlers.o
 .debug_ranges  0x0000000000000520       0x18 ./system/src/cmsis/system_stm32f4xx.o
 .debug_ranges  0x0000000000000538       0x10 ./system/src/cmsis/vectors_stm32f407xx.o
 .debug_ranges  0x0000000000000548       0x18 ./src/_initialize_hardware.o
 .debug_ranges  0x0000000000000560       0x20 ./src/main.o
 .debug_ranges  0x0000000000000580       0x38 ./src/schedulerCore.o
 .debug_ranges  0x00000000000005b8       0x28 ./src/stm32f4xx_hal_msp.o

.debug_macro    0x0000000000000000    0x1c0f2
 .debug_macro   0x0000000000000000      0x560 ./system/src/stm32f4-hal/stm32f4xx_hal.o
 .debug_macro   0x0000000000000560      0x8ce ./system/src/stm32f4-hal/stm32f4xx_hal.o
 .debug_macro   0x0000000000000e2e      0x289 ./system/src/stm32f4-hal/stm32f4xx_hal.o
 .debug_macro   0x00000000000010b7       0x31 ./system/src/stm32f4-hal/stm32f4xx_hal.o
 .debug_macro   0x00000000000010e8       0x28 ./system/src/stm32f4-hal/stm32f4xx_hal.o
 .debug_macro   0x0000000000001110       0x22 ./system/src/stm32f4-hal/stm32f4xx_hal.o
 .debug_macro   0x0000000000001132       0x87 ./system/src/stm32f4-hal/stm32f4xx_hal.o
 .debug_macro   0x00000000000011b9       0x51 ./system/src/stm32f4-hal/stm32f4xx_hal.o
 .debug_macro   0x000000000000120a       0xef ./system/src/stm32f4-hal/stm32f4xx_hal.o
 .debug_macro   0x00000000000012f9       0x6a ./system/src/stm32f4-hal/stm32f4xx_hal.o
 .debug_macro   0x0000000000001363      0x1df ./system/src/stm32f4-hal/stm32f4xx_hal.o
 .debug_macro   0x0000000000001542       0x35 ./system/src/stm32f4-hal/stm32f4xx_hal.o
 .debug_macro   0x0000000000001577       0x50 ./system/src/stm32f4-hal/stm32f4xx_hal.o
 .debug_macro   0x00000000000015c7      0xe66 ./system/src/stm32f4-hal/stm32f4xx_hal.o
 .debug_macro   0x000000000000242d     0x93f9 ./system/src/stm32f4-hal/stm32f4xx_hal.o
 .debug_macro   0x000000000000b826       0x43 ./system/src/stm32f4-hal/stm32f4xx_hal.o
 .debug_macro   0x000000000000b869     0x347f ./system/src/stm32f4-hal/stm32f4xx_hal.o
 .debug_macro   0x000000000000ece8       0x58 ./system/src/stm32f4-hal/stm32f4xx_hal.o
 .debug_macro   0x000000000000ed40       0x35 ./system/src/stm32f4-hal/stm32f4xx_hal.o
 .debug_macro   0x000000000000ed75       0x9c ./system/src/stm32f4-hal/stm32f4xx_hal.o
 .debug_macro   0x000000000000ee11       0x16 ./system/src/stm32f4-hal/stm32f4xx_hal.o
 .debug_macro   0x000000000000ee27       0x97 ./system/src/stm32f4-hal/stm32f4xx_hal.o
 .debug_macro   0x000000000000eebe      0x330 ./system/src/stm32f4-hal/stm32f4xx_hal.o
 .debug_macro   0x000000000000f1ee       0xfd ./system/src/stm32f4-hal/stm32f4xx_hal.o
 .debug_macro   0x000000000000f2eb       0x10 ./system/src/stm32f4-hal/stm32f4xx_hal.o
 .debug_macro   0x000000000000f2fb       0x58 ./system/src/stm32f4-hal/stm32f4xx_hal.o
 .debug_macro   0x000000000000f353       0x1f ./system/src/stm32f4-hal/stm32f4xx_hal.o
 .debug_macro   0x000000000000f372       0x43 ./system/src/stm32f4-hal/stm32f4xx_hal.o
 .debug_macro   0x000000000000f3b5       0x20 ./system/src/stm32f4-hal/stm32f4xx_hal.o
 .debug_macro   0x000000000000f3d5      0x187 ./system/src/stm32f4-hal/stm32f4xx_hal.o
 .debug_macro   0x000000000000f55c       0x10 ./system/src/stm32f4-hal/stm32f4xx_hal.o
 .debug_macro   0x000000000000f56c       0x1c ./system/src/stm32f4-hal/stm32f4xx_hal.o
 .debug_macro   0x000000000000f588       0x52 ./system/src/stm32f4-hal/stm32f4xx_hal.o
 .debug_macro   0x000000000000f5da       0x40 ./system/src/stm32f4-hal/stm32f4xx_hal.o
 .debug_macro   0x000000000000f61a       0x10 ./system/src/stm32f4-hal/stm32f4xx_hal.o
 .debug_macro   0x000000000000f62a       0x40 ./system/src/stm32f4-hal/stm32f4xx_hal.o
 .debug_macro   0x000000000000f66a       0xd7 ./system/src/stm32f4-hal/stm32f4xx_hal.o
 .debug_macro   0x000000000000f741       0x16 ./system/src/stm32f4-hal/stm32f4xx_hal.o
 .debug_macro   0x000000000000f757      0x18b ./system/src/stm32f4-hal/stm32f4xx_hal.o
 .debug_macro   0x000000000000f8e2       0x57 ./system/src/stm32f4-hal/stm32f4xx_hal.o
 .debug_macro   0x000000000000f939      0x964 ./system/src/stm32f4-hal/stm32f4xx_hal.o
 .debug_macro   0x000000000001029d      0x9e1 ./system/src/stm32f4-hal/stm32f4xx_hal.o
 .debug_macro   0x0000000000010c7e      0x11e ./system/src/stm32f4-hal/stm32f4xx_hal.o
 .debug_macro   0x0000000000010d9c      0x13e ./system/src/stm32f4-hal/stm32f4xx_hal.o
 .debug_macro   0x0000000000010eda       0x27 ./system/src/stm32f4-hal/stm32f4xx_hal.o
 .debug_macro   0x0000000000010f01      0x287 ./system/src/stm32f4-hal/stm32f4xx_hal.o
 .debug_macro   0x0000000000011188       0x5f ./system/src/stm32f4-hal/stm32f4xx_hal.o
 .debug_macro   0x00000000000111e7      0x23a ./system/src/stm32f4-hal/stm32f4xx_hal.o
 .debug_macro   0x0000000000011421      0x391 ./system/src/stm32f4-hal/stm32f4xx_hal.o
 .debug_macro   0x00000000000117b2      0x16f ./system/src/stm32f4-hal/stm32f4xx_hal.o
 .debug_macro   0x0000000000011921       0xf9 ./system/src/stm32f4-hal/stm32f4xx_hal.o
 .debug_macro   0x0000000000011a1a      0x36e ./system/src/stm32f4-hal/stm32f4xx_hal.o
 .debug_macro   0x0000000000011d88       0x23 ./system/src/stm32f4-hal/stm32f4xx_hal.o
 .debug_macro   0x0000000000011dab       0xe6 ./system/src/stm32f4-hal/stm32f4xx_hal.o
 .debug_macro   0x0000000000011e91       0xa1 ./system/src/stm32f4-hal/stm32f4xx_hal.o
 .debug_macro   0x0000000000011f32       0x3c ./system/src/stm32f4-hal/stm32f4xx_hal.o
 .debug_macro   0x0000000000011f6e       0x1f ./system/src/stm32f4-hal/stm32f4xx_hal.o
 .debug_macro   0x0000000000011f8d      0x1cd ./system/src/stm32f4-hal/stm32f4xx_hal.o
 .debug_macro   0x000000000001215a      0xcd6 ./system/src/stm32f4-hal/stm32f4xx_hal.o
 .debug_macro   0x0000000000012e30      0x13a ./system/src/stm32f4-hal/stm32f4xx_hal.o
 .debug_macro   0x0000000000012f6a      0x21e ./system/src/stm32f4-hal/stm32f4xx_hal.o
 .debug_macro   0x0000000000013188       0x2e ./system/src/stm32f4-hal/stm32f4xx_hal.o
 .debug_macro   0x00000000000131b6      0x543 ./system/src/stm32f4-hal/stm32f4xx_hal.o
 .debug_macro   0x00000000000136f9       0x88 ./system/src/stm32f4-hal/stm32f4xx_hal.o
 .debug_macro   0x0000000000013781       0xd5 ./system/src/stm32f4-hal/stm32f4xx_hal.o
 .debug_macro   0x0000000000013856      0x183 ./system/src/stm32f4-hal/stm32f4xx_hal.o
 .debug_macro   0x00000000000139d9      0x1a7 ./system/src/stm32f4-hal/stm32f4xx_hal.o
 .debug_macro   0x0000000000013b80       0xa5 ./system/src/stm32f4-hal/stm32f4xx_hal.o
 .debug_macro   0x0000000000013c25      0x18b ./system/src/stm32f4-hal/stm32f4xx_hal.o
 .debug_macro   0x0000000000013db0       0x24 ./system/src/stm32f4-hal/stm32f4xx_hal.o
 .debug_macro   0x0000000000013dd4       0x35 ./system/src/stm32f4-hal/stm32f4xx_hal.o
 .debug_macro   0x0000000000013e09       0x79 ./system/src/stm32f4-hal/stm32f4xx_hal.o
 .debug_macro   0x0000000000013e82      0x11e ./system/src/stm32f4-hal/stm32f4xx_hal.o
 .debug_macro   0x0000000000013fa0       0x7f ./system/src/stm32f4-hal/stm32f4xx_hal.o
 .debug_macro   0x000000000001401f       0x89 ./system/src/stm32f4-hal/stm32f4xx_hal.o
 .debug_macro   0x00000000000140a8       0x7e ./system/src/stm32f4-hal/stm32f4xx_hal.o
 .debug_macro   0x0000000000014126      0x31a ./system/src/stm32f4-hal/stm32f4xx_hal.o
 .debug_macro   0x0000000000014440      0x409 ./system/src/stm32f4-hal/stm32f4xx_hal.o
 .debug_macro   0x0000000000014849       0xe4 ./system/src/stm32f4-hal/stm32f4xx_hal.o
 .debug_macro   0x000000000001492d      0x48d ./system/src/stm32f4-hal/stm32f4xx_hal.o
 .debug_macro   0x0000000000014dba      0x22b ./system/src/stm32f4-hal/stm32f4xx_hal.o
 .debug_macro   0x0000000000014fe5      0x202 ./system/src/stm32f4-hal/stm32f4xx_hal.o
 .debug_macro   0x00000000000151e7      0x6d9 ./system/src/stm32f4-hal/stm32f4xx_hal.o
 .debug_macro   0x00000000000158c0       0x5b ./system/src/stm32f4-hal/stm32f4xx_hal.o
 .debug_macro   0x000000000001591b      0x14d ./system/src/stm32f4-hal/stm32f4xx_hal.o
 .debug_macro   0x0000000000015a68      0x287 ./system/src/stm32f4-hal/stm32f4xx_hal.o
 .debug_macro   0x0000000000015cef      0x225 ./system/src/stm32f4-hal/stm32f4xx_hal.o
 .debug_macro   0x0000000000015f14      0x1b5 ./system/src/stm32f4-hal/stm32f4xx_hal.o
 .debug_macro   0x00000000000160c9      0x2db ./system/src/stm32f4-hal/stm32f4xx_hal.o
 .debug_macro   0x00000000000163a4       0x89 ./system/src/stm32f4-hal/stm32f4xx_hal.o
 .debug_macro   0x000000000001642d      0x1df ./system/src/stm32f4-hal/stm32f4xx_hal.o
 .debug_macro   0x000000000001660c      0x115 ./system/src/stm32f4-hal/stm32f4xx_hal.o
 .debug_macro   0x0000000000016721       0x6e ./system/src/stm32f4-hal/stm32f4xx_hal.o
 .debug_macro   0x000000000001678f      0x125 ./system/src/stm32f4-hal/stm32f4xx_hal.o
 .debug_macro   0x00000000000168b4      0x512 ./system/src/stm32f4-hal/stm32f4xx_hal_cortex.o
 .debug_macro   0x0000000000016dc6      0x53c ./system/src/stm32f4-hal/stm32f4xx_hal_rcc.o
 .debug_macro   0x0000000000017302      0x1a7 ./system/src/newlib/_exit.o
 .debug_macro   0x00000000000174a9      0x10e ./system/src/newlib/_exit.o
 .debug_macro   0x00000000000175b7       0x8d ./system/src/newlib/_exit.o
 .debug_macro   0x0000000000017644       0x35 ./system/src/newlib/_exit.o
 .debug_macro   0x0000000000017679      0x15c ./system/src/newlib/_sbrk.o
 .debug_macro   0x00000000000177d5      0x174 ./system/src/newlib/_sbrk.o
 .debug_macro   0x0000000000017949       0x10 ./system/src/newlib/_sbrk.o
 .debug_macro   0x0000000000017959      0x23b ./system/src/newlib/_sbrk.o
 .debug_macro   0x0000000000017b94      0x17b ./system/src/newlib/_startup.o
 .debug_macro   0x0000000000017d0f      0x8d4 ./system/src/newlib/_startup.o
 .debug_macro   0x00000000000185e3      0x2cc ./system/src/newlib/_syscalls.o
 .debug_macro   0x00000000000188af       0x10 ./system/src/newlib/_syscalls.o
 .debug_macro   0x00000000000188bf       0x10 ./system/src/newlib/_syscalls.o
 .debug_macro   0x00000000000188cf       0x10 ./system/src/newlib/_syscalls.o
 .debug_macro   0x00000000000188df       0x35 ./system/src/newlib/_syscalls.o
 .debug_macro   0x0000000000018914      0x122 ./system/src/newlib/_syscalls.o
 .debug_macro   0x0000000000018a36      0x1da ./system/src/newlib/_syscalls.o
 .debug_macro   0x0000000000018c10       0x10 ./system/src/newlib/_syscalls.o
 .debug_macro   0x0000000000018c20       0x1c ./system/src/newlib/_syscalls.o
 .debug_macro   0x0000000000018c3c       0x10 ./system/src/newlib/_syscalls.o
 .debug_macro   0x0000000000018c4c       0x16 ./system/src/newlib/_syscalls.o
 .debug_macro   0x0000000000018c62       0x88 ./system/src/newlib/_syscalls.o
 .debug_macro   0x0000000000018cea      0x241 ./system/src/newlib/_syscalls.o
 .debug_macro   0x0000000000018f2b       0x16 ./system/src/newlib/_syscalls.o
 .debug_macro   0x0000000000018f41       0x3a ./system/src/newlib/_syscalls.o
 .debug_macro   0x0000000000018f7b      0x111 ./system/src/newlib/_syscalls.o
 .debug_macro   0x000000000001908c      0x159 ./system/src/newlib/_syscalls.o
 .debug_macro   0x00000000000191e5       0x16 ./system/src/newlib/_syscalls.o
 .debug_macro   0x00000000000191fb       0x22 ./system/src/newlib/_syscalls.o
 .debug_macro   0x000000000001921d      0x1d2 ./system/src/newlib/assert.o
 .debug_macro   0x00000000000193ef       0x1c ./system/src/newlib/assert.o
 .debug_macro   0x000000000001940b      0x1e4 ./system/src/diag/Trace.o
 .debug_macro   0x00000000000195ef       0x4c ./system/src/diag/Trace.o
 .debug_macro   0x000000000001963b      0x558 ./system/src/diag/trace_impl.o
 .debug_macro   0x0000000000019b93      0x51c ./system/src/cortexm/_initialize_hardware.o
 .debug_macro   0x000000000001a0af      0x590 ./system/src/cortexm/exception_handlers.o
 .debug_macro   0x000000000001a63f       0x3b ./system/src/cortexm/exception_handlers.o
 .debug_macro   0x000000000001a67a      0x518 ./system/src/cmsis/system_stm32f4xx.o
 .debug_macro   0x000000000001ab92       0x73 ./system/src/cmsis/vectors_stm32f407xx.o
 .debug_macro   0x000000000001ac05      0x512 ./src/_initialize_hardware.o
 .debug_macro   0x000000000001b117      0x552 ./src/main.o
 .debug_macro   0x000000000001b669       0x4c ./src/main.o
 .debug_macro   0x000000000001b6b5       0x10 ./src/main.o
 .debug_macro   0x000000000001b6c5      0x51b ./src/schedulerCore.o
 .debug_macro   0x000000000001bbe0      0x512 ./src/stm32f4xx_hal_msp.o
