Archive member included to satisfy reference by file (symbol)

/home/pitvid/armToolC/gcc-arm-none-eabi-6-2017-q2-update/bin/../lib/gcc/arm-none-eabi/6.3.1/../../../../arm-none-eabi/lib/thumb/v7e-m/libg_nano.a(lib_a-errno.o)
                              ./system/src/newlib/_sbrk.o (__errno)
/home/pitvid/armToolC/gcc-arm-none-eabi-6-2017-q2-update/bin/../lib/gcc/arm-none-eabi/6.3.1/../../../../arm-none-eabi/lib/thumb/v7e-m/libg_nano.a(lib_a-impure.o)
                              /home/pitvid/armToolC/gcc-arm-none-eabi-6-2017-q2-update/bin/../lib/gcc/arm-none-eabi/6.3.1/../../../../arm-none-eabi/lib/thumb/v7e-m/libg_nano.a(lib_a-errno.o) (_impure_ptr)

Allocating common symbols
Common symbol       size              file

errno               0x4               ./system/src/newlib/_syscalls.o
uwTick              0x4               ./system/src/stm32f4-hal/stm32f4xx_hal.o
pFlash              0x20              ./system/src/stm32f4-hal/stm32f4xx_hal_flash.o

Discarded input sections

 .group         0x0000000000000000        0x8 ./system/src/stm32f4-hal/stm32f4xx_hal.o
 .group         0x0000000000000000        0x8 ./system/src/stm32f4-hal/stm32f4xx_hal.o
 .group         0x0000000000000000        0x8 ./system/src/stm32f4-hal/stm32f4xx_hal.o
 .group         0x0000000000000000        0x8 ./system/src/stm32f4-hal/stm32f4xx_hal.o
 .group         0x0000000000000000        0x8 ./system/src/stm32f4-hal/stm32f4xx_hal.o
 .group         0x0000000000000000        0x8 ./system/src/stm32f4-hal/stm32f4xx_hal.o
 .group         0x0000000000000000        0x8 ./system/src/stm32f4-hal/stm32f4xx_hal.o
 .group         0x0000000000000000        0x8 ./system/src/stm32f4-hal/stm32f4xx_hal.o
 .group         0x0000000000000000        0x8 ./system/src/stm32f4-hal/stm32f4xx_hal.o
 .group         0x0000000000000000        0x8 ./system/src/stm32f4-hal/stm32f4xx_hal.o
 .group         0x0000000000000000        0x8 ./system/src/stm32f4-hal/stm32f4xx_hal.o
 .group         0x0000000000000000        0x8 ./system/src/stm32f4-hal/stm32f4xx_hal.o
 .group         0x0000000000000000        0x8 ./system/src/stm32f4-hal/stm32f4xx_hal.o
 .group         0x0000000000000000        0x8 ./system/src/stm32f4-hal/stm32f4xx_hal.o
 .group         0x0000000000000000        0x8 ./system/src/stm32f4-hal/stm32f4xx_hal.o
 .group         0x0000000000000000        0x8 ./system/src/stm32f4-hal/stm32f4xx_hal.o
 .group         0x0000000000000000        0x8 ./system/src/stm32f4-hal/stm32f4xx_hal.o
 .group         0x0000000000000000        0x8 ./system/src/stm32f4-hal/stm32f4xx_hal.o
 .group         0x0000000000000000        0x8 ./system/src/stm32f4-hal/stm32f4xx_hal.o
 .group         0x0000000000000000        0x8 ./system/src/stm32f4-hal/stm32f4xx_hal.o
 .group         0x0000000000000000        0x8 ./system/src/stm32f4-hal/stm32f4xx_hal.o
 .group         0x0000000000000000        0x8 ./system/src/stm32f4-hal/stm32f4xx_hal.o
 .group         0x0000000000000000        0x8 ./system/src/stm32f4-hal/stm32f4xx_hal.o
 .group         0x0000000000000000        0x8 ./system/src/stm32f4-hal/stm32f4xx_hal.o
 .group         0x0000000000000000        0x8 ./system/src/stm32f4-hal/stm32f4xx_hal.o
 .group         0x0000000000000000        0x8 ./system/src/stm32f4-hal/stm32f4xx_hal.o
 .group         0x0000000000000000        0x8 ./system/src/stm32f4-hal/stm32f4xx_hal.o
 .group         0x0000000000000000        0x8 ./system/src/stm32f4-hal/stm32f4xx_hal.o
 .group         0x0000000000000000        0x8 ./system/src/stm32f4-hal/stm32f4xx_hal.o
 .group         0x0000000000000000        0x8 ./system/src/stm32f4-hal/stm32f4xx_hal.o
 .group         0x0000000000000000        0x8 ./system/src/stm32f4-hal/stm32f4xx_hal.o
 .group         0x0000000000000000        0x8 ./system/src/stm32f4-hal/stm32f4xx_hal.o
 .group         0x0000000000000000        0x8 ./system/src/stm32f4-hal/stm32f4xx_hal.o
 .group         0x0000000000000000        0x8 ./system/src/stm32f4-hal/stm32f4xx_hal.o
 .group         0x0000000000000000        0x8 ./system/src/stm32f4-hal/stm32f4xx_hal.o
 .group         0x0000000000000000        0x8 ./system/src/stm32f4-hal/stm32f4xx_hal.o
 .group         0x0000000000000000        0x8 ./system/src/stm32f4-hal/stm32f4xx_hal.o
 .group         0x0000000000000000        0x8 ./system/src/stm32f4-hal/stm32f4xx_hal.o
 .group         0x0000000000000000        0x8 ./system/src/stm32f4-hal/stm32f4xx_hal.o
 .group         0x0000000000000000        0x8 ./system/src/stm32f4-hal/stm32f4xx_hal.o
 .group         0x0000000000000000        0x8 ./system/src/stm32f4-hal/stm32f4xx_hal.o
 .group         0x0000000000000000        0x8 ./system/src/stm32f4-hal/stm32f4xx_hal.o
 .group         0x0000000000000000        0x8 ./system/src/stm32f4-hal/stm32f4xx_hal.o
 .group         0x0000000000000000        0x8 ./system/src/stm32f4-hal/stm32f4xx_hal.o
 .group         0x0000000000000000        0x8 ./system/src/stm32f4-hal/stm32f4xx_hal.o
 .group         0x0000000000000000        0x8 ./system/src/stm32f4-hal/stm32f4xx_hal.o
[...]
Memory Configuration

Name             Origin             Length             Attributes
RAM              0x0000000020000000 0x0000000000020000 xrw
CCMRAM           0x0000000010000000 0x0000000000010000 xrw
FLASH            0x0000000008000000 0x0000000000100000 xr
FLASHB1          0x0000000000000000 0x0000000000000000 xr
EXTMEMB0         0x0000000000000000 0x0000000000000000 xr
EXTMEMB1         0x0000000000000000 0x0000000000000000 xr
EXTMEMB2         0x0000000000000000 0x0000000000000000 xr
EXTMEMB3         0x0000000000000000 0x0000000000000000 xr
MEMORY_ARRAY     0x0000000020002000 0x0000000000000020 xrw
*default*        0x0000000000000000 0xffffffffffffffff

Linker script and memory map

LOAD ./system/src/stm32f4-hal/stm32f4xx_hal.o
LOAD ./system/src/stm32f4-hal/stm32f4xx_hal_cortex.o
LOAD ./system/src/stm32f4-hal/stm32f4xx_hal_dfsdm.o
LOAD ./system/src/stm32f4-hal/stm32f4xx_hal_flash.o
LOAD ./system/src/stm32f4-hal/stm32f4xx_hal_gpio.o
LOAD ./system/src/stm32f4-hal/stm32f4xx_hal_iwdg.o
LOAD ./system/src/stm32f4-hal/stm32f4xx_hal_pwr.o
LOAD ./system/src/stm32f4-hal/stm32f4xx_hal_rcc.o
LOAD ./system/src/newlib/_cxx.o
LOAD ./system/src/newlib/_exit.o
LOAD ./system/src/newlib/_sbrk.o
LOAD ./system/src/newlib/_startup.o
LOAD ./system/src/newlib/_syscalls.o
LOAD ./system/src/newlib/assert.o
LOAD ./system/src/diag/Trace.o
LOAD ./system/src/diag/trace_impl.o
LOAD ./system/src/cortexm/_initialize_hardware.o
LOAD ./system/src/cortexm/_reset_hardware.o
LOAD ./system/src/cortexm/exception_handlers.o
LOAD ./system/src/cmsis/system_stm32f4xx.o
LOAD ./system/src/cmsis/vectors_stm32f407xx.o
LOAD ./src/_initialize_hardware.o
LOAD ./src/_write.o
LOAD ./src/main.o
LOAD ./src/scheduler_core.o
LOAD ./src/stm32f4xx_hal_msp.o
LOAD /home/pitvid/armToolC/gcc-arm-none-eabi-6-2017-q2-update/bin/../lib/gcc/arm-none-eabi/6.3.1/../../../../arm-none-eabi/lib/thumb/v7e-m/libstdc++_nano.a
LOAD /home/pitvid/armToolC/gcc-arm-none-eabi-6-2017-q2-update/bin/../lib/gcc/arm-none-eabi/6.3.1/../../../../arm-none-eabi/lib/thumb/v7e-m/libm.a
START GROUP
LOAD /home/pitvid/armToolC/gcc-arm-none-eabi-6-2017-q2-update/bin/../lib/gcc/arm-none-eabi/6.3.1/thumb/v7e-m/libgcc.a
LOAD /home/pitvid/armToolC/gcc-arm-none-eabi-6-2017-q2-update/bin/../lib/gcc/arm-none-eabi/6.3.1/../../../../arm-none-eabi/lib/thumb/v7e-m/libg_nano.a
LOAD /home/pitvid/armToolC/gcc-arm-none-eabi-6-2017-q2-update/bin/../lib/gcc/arm-none-eabi/6.3.1/../../../../arm-none-eabi/lib/thumb/v7e-m/libc_nano.a
END GROUP
START GROUP
LOAD /home/pitvid/armToolC/gcc-arm-none-eabi-6-2017-q2-update/bin/../lib/gcc/arm-none-eabi/6.3.1/thumb/v7e-m/libgcc.a
LOAD /home/pitvid/armToolC/gcc-arm-none-eabi-6-2017-q2-update/bin/../lib/gcc/arm-none-eabi/6.3.1/../../../../arm-none-eabi/lib/thumb/v7e-m/libc_nano.a
END GROUP
                0x0000000020020000                __stack = (ORIGIN (RAM) + LENGTH (RAM))
                0x0000000020020000                _estack = __stack
                0x0000000000000400                __Main_Stack_Size = 0x400
                [!provide]                        PROVIDE (_Main_Stack_Size, __Main_Stack_Size)
                0x000000002001fc00                __Main_Stack_Limit = (__stack - __Main_Stack_Size)
                [!provide]                        PROVIDE (_Main_Stack_Limit, __Main_Stack_Limit)
                0x0000000000000100                _Minimum_Stack_Size = 0x100
                0x0000000020006060                PROVIDE (_Heap_Begin, _end_noinit)
                0x000000002001fc00                PROVIDE (_Heap_Limit, (__stack - __Main_Stack_Size))

.isr_vector     0x0000000008000000      0x3c0
 FILL mask 0xff
                0x0000000008000000                __vectors_start = ABSOLUTE (.)
                0x0000000008000000                __vectors_start__ = ABSOLUTE (.)
 *(.isr_vector)
 .isr_vector    0x0000000008000000      0x188 ./system/src/cmsis/vectors_stm32f407xx.o
                0x0000000008000000                __isr_vectors
 *(.cfmconfig)
 *(.after_vectors .after_vectors.*)
 .after_vectors
                0x0000000008000188      0x130 ./system/src/newlib/_startup.o
                0x0000000008000188                _start
 .after_vectors
                0x00000000080002b8       0x6c ./system/src/cortexm/exception_handlers.o
                0x00000000080002b8                Reset_Handler
                0x00000000080002be                NMI_Handler
                0x00000000080002c2                HardFault_Handler
                0x00000000080002d6                HardFault_Handler_C
                0x00000000080002da                MemManage_Handler
                0x00000000080002de                BusFault_Handler
                0x00000000080002f2                BusFault_Handler_C
                0x00000000080002f6                UsageFault_Handler
                0x000000000800030a                UsageFault_Handler_C
                0x000000000800030e                SVC_Handler
                0x0000000008000312                DebugMon_Handler
 .after_vectors
                0x0000000008000324        0x4 ./system/src/cmsis/vectors_stm32f407xx.o
                0x0000000008000324                RTC_Alarm_IRQHandler
                0x0000000008000324                HASH_RNG_IRQHandler
                0x0000000008000324                EXTI2_IRQHandler
                0x0000000008000324                TIM8_CC_IRQHandler
                0x0000000008000324                TIM1_CC_IRQHandler
                0x0000000008000324                DMA2_Stream5_IRQHandler
                0x0000000008000324                DMA1_Stream5_IRQHandler
                0x0000000008000324                PVD_IRQHandler
                0x0000000008000324                SDIO_IRQHandler
                0x0000000008000324                TAMP_STAMP_IRQHandler
                0x0000000008000324                CAN2_RX1_IRQHandler
                0x0000000008000324                EXTI3_IRQHandler
                0x0000000008000324                TIM8_TRG_COM_TIM14_IRQHandler
                0x0000000008000324                TIM1_UP_TIM10_IRQHandler
                0x0000000008000324                TIM8_UP_TIM13_IRQHandler
                0x0000000008000324                I2C3_ER_IRQHandler
                0x0000000008000324                EXTI0_IRQHandler
                0x0000000008000324                I2C2_EV_IRQHandler
                0x0000000008000324                DMA1_Stream2_IRQHandler
                0x0000000008000324                CAN1_RX0_IRQHandler
                0x0000000008000324                FPU_IRQHandler
                0x0000000008000324                OTG_HS_WKUP_IRQHandler
                0x0000000008000324                CAN2_SCE_IRQHandler
                0x0000000008000324                DMA2_Stream2_IRQHandler
                0x0000000008000324                SPI1_IRQHandler
                0x0000000008000324                TIM6_DAC_IRQHandler
                0x0000000008000324                TIM1_BRK_TIM9_IRQHandler
                0x0000000008000324                DCMI_IRQHandler
                0x0000000008000324                CAN2_RX0_IRQHandler
                0x0000000008000324                DMA2_Stream3_IRQHandler
                0x0000000008000324                USART6_IRQHandler
                0x0000000008000324                USART3_IRQHandler
                0x0000000008000324                CAN1_RX1_IRQHandler
                0x0000000008000324                UART5_IRQHandler
                0x0000000008000324                DMA2_Stream0_IRQHandler
                0x0000000008000324                TIM4_IRQHandler
                0x0000000008000324                I2C1_EV_IRQHandler
                0x0000000008000324                DMA1_Stream6_IRQHandler
                0x0000000008000324                DMA1_Stream1_IRQHandler
                0x0000000008000324                UART4_IRQHandler
                0x0000000008000324                TIM3_IRQHandler
                0x0000000008000324                RCC_IRQHandler
                0x0000000008000324                TIM8_BRK_TIM12_IRQHandler
                0x0000000008000324                Default_Handler
                0x0000000008000324                EXTI15_10_IRQHandler
                0x0000000008000324                ADC_IRQHandler
                0x0000000008000324                DMA1_Stream7_IRQHandler
                0x0000000008000324                TIM7_IRQHandler
                0x0000000008000324                CAN2_TX_IRQHandler
                0x0000000008000324                TIM5_IRQHandler
                0x0000000008000324                DMA2_Stream7_IRQHandler
                0x0000000008000324                I2C3_EV_IRQHandler
                0x0000000008000324                EXTI9_5_IRQHandler
                0x0000000008000324                RTC_WKUP_IRQHandler
                0x0000000008000324                ETH_WKUP_IRQHandler
                0x0000000008000324                SPI2_IRQHandler
                0x0000000008000324                OTG_HS_EP1_IN_IRQHandler
                0x0000000008000324                DMA1_Stream0_IRQHandler
                0x0000000008000324                CAN1_TX_IRQHandler
                0x0000000008000324                EXTI4_IRQHandler
                0x0000000008000324                ETH_IRQHandler
                0x0000000008000324                OTG_HS_EP1_OUT_IRQHandler
                0x0000000008000324                WWDG_IRQHandler
                0x0000000008000324                TIM2_IRQHandler
                0x0000000008000324                OTG_FS_WKUP_IRQHandler
                0x0000000008000324                TIM1_TRG_COM_TIM11_IRQHandler
                0x0000000008000324                OTG_HS_IRQHandler
                0x0000000008000324                EXTI1_IRQHandler
                0x0000000008000324                USART2_IRQHandler
                0x0000000008000324                I2C2_ER_IRQHandler
                0x0000000008000324                DMA2_Stream1_IRQHandler
                0x0000000008000324                CAN1_SCE_IRQHandler
                0x0000000008000324                FLASH_IRQHandler
                0x0000000008000324                DMA2_Stream4_IRQHandler
                0x0000000008000324                USART1_IRQHandler
                0x0000000008000324                OTG_FS_IRQHandler
                0x0000000008000324                SPI3_IRQHandler
                0x0000000008000324                DMA1_Stream4_IRQHandler
                0x0000000008000324                I2C1_ER_IRQHandler
                0x0000000008000324                FMC_IRQHandler
                0x0000000008000324                DMA2_Stream6_IRQHandler
                0x0000000008000324                DMA1_Stream3_IRQHandler
 *fill*         0x0000000008000328        0x8 ff
 .after_vectors
                0x0000000008000330       0x90 ./src/main.o
                0x0000000008000330                SysTick_Handler
                0x000000000800038c                PendSV_Handler

.inits          0x00000000080003c0       0x28
                0x00000000080003c0                __data_regions_array_start = .
                0x00000000080003c0        0x4 LONG 0x8001158 LOADADDR (.data)
                0x00000000080003c4        0x4 LONG 0x20000000 ADDR (.data)
                0x00000000080003c8        0x4 LONG 0x20000018 (ADDR (.data) + SIZEOF (.data))
                0x00000000080003cc        0x4 LONG 0x8001158 LOADADDR (.data_CCMRAM)
                0x00000000080003d0        0x4 LONG 0x10000000 ADDR (.data_CCMRAM)
                0x00000000080003d4        0x4 LONG 0x10000000 (ADDR (.data_CCMRAM) + SIZEOF (.data_CCMRAM))
                0x00000000080003d8                __data_regions_array_end = .
                0x00000000080003d8                __bss_regions_array_start = .
                0x00000000080003d8        0x4 LONG 0x20000018 ADDR (.bss)
                0x00000000080003dc        0x4 LONG 0x20006060 (ADDR (.bss) + SIZEOF (.bss))
                0x00000000080003e0        0x4 LONG 0x10000000 ADDR (.bss_CCMRAM)
                0x00000000080003e4        0x4 LONG 0x10000000 (ADDR (.bss_CCMRAM) + SIZEOF (.bss_CCMRAM))
                0x00000000080003e8                __bss_regions_array_end = .
 *(.init)
 *(.fini)
                0x00000000080003e8                . = ALIGN (0x4)
                0x00000000080003e8                PROVIDE (__preinit_array_start, .)
 *(.preinit_array_sysinit .preinit_array_sysinit.*)
 *(.preinit_array_platform .preinit_array_platform.*)
 *(.preinit_array .preinit_array.*)
                0x00000000080003e8                PROVIDE (__preinit_array_end, .)
                0x00000000080003e8                . = ALIGN (0x4)
                0x00000000080003e8                PROVIDE (__init_array_start, .)
 *(SORT(.init_array.*))
 *(.init_array)
                0x00000000080003e8                PROVIDE (__init_array_end, .)
                0x00000000080003e8                . = ALIGN (0x4)
                0x00000000080003e8                PROVIDE (__fini_array_start, .)
 *(SORT(.fini_array.*))
 *(.fini_array)
                0x00000000080003e8                PROVIDE (__fini_array_end, .)

.flashtext
 *(.flashtext .flashtext.*)

.text           0x00000000080003e8      0xd70
 *(.text .text.*)
 .text.HAL_InitTick
                0x00000000080003e8       0x2c ./system/src/stm32f4-hal/stm32f4xx_hal.o
                0x00000000080003e8                HAL_InitTick
 .text.HAL_Init
                0x0000000008000414       0x34 ./system/src/stm32f4-hal/stm32f4xx_hal.o
                0x0000000008000414                HAL_Init
 .text.HAL_IncTick
                0x0000000008000448       0x10 ./system/src/stm32f4-hal/stm32f4xx_hal.o
                0x0000000008000448                HAL_IncTick
 .text.HAL_GetTick
                0x0000000008000458        0xc ./system/src/stm32f4-hal/stm32f4xx_hal.o
                0x0000000008000458                HAL_GetTick
 .text.HAL_NVIC_SetPriorityGrouping
                0x0000000008000464       0x3c ./system/src/stm32f4-hal/stm32f4xx_hal_cortex.o
                0x0000000008000464                HAL_NVIC_SetPriorityGrouping
 .text.HAL_NVIC_SetPriority
                0x00000000080004a0       0x88 ./system/src/stm32f4-hal/stm32f4xx_hal_cortex.o
                0x00000000080004a0                HAL_NVIC_SetPriority
 .text.HAL_SYSTICK_Config
                0x0000000008000528       0x2c ./system/src/stm32f4-hal/stm32f4xx_hal_cortex.o
                0x0000000008000528                HAL_SYSTICK_Config
 .text.HAL_SYSTICK_CLKSourceConfig
                0x0000000008000554       0x3c ./system/src/stm32f4-hal/stm32f4xx_hal_cortex.o
                0x0000000008000554                HAL_SYSTICK_CLKSourceConfig
 .text.HAL_RCC_OscConfig
                0x0000000008000590      0x42c ./system/src/stm32f4-hal/stm32f4xx_hal_rcc.o
                0x0000000008000590                HAL_RCC_OscConfig
 .text.HAL_RCC_GetSysClockFreq
                0x00000000080009bc       0x94 ./system/src/stm32f4-hal/stm32f4xx_hal_rcc.o
                0x00000000080009bc                HAL_RCC_GetSysClockFreq
 .text.HAL_RCC_ClockConfig
                0x0000000008000a50      0x250 ./system/src/stm32f4-hal/stm32f4xx_hal_rcc.o
                0x0000000008000a50                HAL_RCC_ClockConfig
 .text.HAL_RCC_GetHCLKFreq
                0x0000000008000ca0        0xc ./system/src/stm32f4-hal/stm32f4xx_hal_rcc.o
                0x0000000008000ca0                HAL_RCC_GetHCLKFreq
 .text._exit    0x0000000008000cac        0x2 ./system/src/newlib/_exit.o
                0x0000000008000cac                _exit
 .text.abort    0x0000000008000cae        0x8 ./system/src/newlib/_exit.o
                0x0000000008000cae                abort
 *fill*         0x0000000008000cb6        0x2 
 .text.__initialize_args
                0x0000000008000cb8       0x10 ./system/src/newlib/_syscalls.o
                0x0000000008000cb8                __initialize_args
 .text.assert_failed
                0x0000000008000cc8        0x6 ./system/src/newlib/assert.o
                0x0000000008000cc8                assert_failed
 *fill*         0x0000000008000cce        0x2 
 .text.__initialize_hardware_early
                0x0000000008000cd0       0x18 ./system/src/cortexm/_initialize_hardware.o
                0x0000000008000cd0                __initialize_hardware_early
 .text.SystemInit
                0x0000000008000ce8       0x40 ./system/src/cmsis/system_stm32f4xx.o
                0x0000000008000ce8                SystemInit
 .text.SystemCoreClockUpdate
                0x0000000008000d28       0xa0 ./system/src/cmsis/system_stm32f4xx.o
                0x0000000008000d28                SystemCoreClockUpdate
 .text.SystemClock_Config
                0x0000000008000dc8       0x9c ./src/_initialize_hardware.o
                0x0000000008000dc8                SystemClock_Config
 .text.__initialize_hardware
                0x0000000008000e64       0x10 ./src/_initialize_hardware.o
                0x0000000008000e64                __initialize_hardware
 .text.main     0x0000000008000e74       0xcc ./src/main.o
                0x0000000008000e74                main
 .text.task1    0x0000000008000f40       0x6c ./src/scheduler_core.o
                0x0000000008000f40                task1
 .text.task2    0x0000000008000fac       0x68 ./src/scheduler_core.o
                0x0000000008000fac                task2
 .text.task3    0x0000000008001014       0x68 ./src/scheduler_core.o
                0x0000000008001014                task3
 .text.LED_board_initialize
                0x000000000800107c       0x2c ./src/scheduler_core.o
                0x000000000800107c                LED_board_initialize
 .text.trap     0x00000000080010a8        0x2 ./src/scheduler_core.o
                0x00000000080010a8                trap
 .text.create_task_frame
                0x00000000080010aa       0x26 ./src/scheduler_core.o
                0x00000000080010aa                create_task_frame
 .text.HAL_MspInit
                0x00000000080010d0        0x2 ./src/stm32f4xx_hal_msp.o
                0x00000000080010d0                HAL_MspInit
 *(.rodata .rodata.* .constdata .constdata.*)
 *fill*         0x00000000080010d2        0x2 
 .rodata.HAL_NVIC_SetPriorityGrouping.str1.4
                0x00000000080010d4       0x31 ./system/src/stm32f4-hal/stm32f4xx_hal_cortex.o
 *fill*         0x0000000008001105        0x3 
 .rodata.APBAHBPrescTable
                0x0000000008001108       0x10 ./system/src/stm32f4-hal/stm32f4xx_hal_rcc.o
                0x0000000008001108                APBAHBPrescTable
 .rodata.HAL_RCC_OscConfig.str1.4
                0x0000000008001118       0x30 ./system/src/stm32f4-hal/stm32f4xx_hal_rcc.o
                                         0x2e (size before relaxing)
 .rodata.AHBPrescTable
                0x0000000008001148       0x10 ./system/src/cmsis/system_stm32f4xx.o
                0x0000000008001148                AHBPrescTable
 *(vtable)
 *(.eh_frame*)
 *(.glue_7)
 .glue_7        0x0000000008001158        0x0 linker stubs
 *(.glue_7t)
 .glue_7t       0x0000000008001158        0x0 linker stubs

.vfp11_veneer   0x0000000008001158        0x0
 .vfp11_veneer  0x0000000008001158        0x0 linker stubs

.v4_bx          0x0000000008001158        0x0
 .v4_bx         0x0000000008001158        0x0 linker stubs

.iplt           0x0000000008001158        0x0
 .iplt          0x0000000008001158        0x0 ./system/src/stm32f4-hal/stm32f4xx_hal.o

.rel.dyn        0x0000000008001158        0x0
 .rel.iplt      0x0000000008001158        0x0 ./system/src/stm32f4-hal/stm32f4xx_hal.o

.ARM.extab
 *(.ARM.extab* .gnu.linkonce.armextab.*)
                0x0000000008001158                . = ALIGN (0x4)
                0x0000000008001158                __exidx_start = .

.ARM.exidx
 *(.ARM.exidx* .gnu.linkonce.armexidx.*)
                0x0000000008001158                __exidx_end = .
                0x0000000008001158                . = ALIGN (0x4)
                0x0000000008001158                _etext = .
                0x0000000008001158                __etext = .

.data_CCMRAM    0x0000000010000000        0x0 load address 0x0000000008001158
 FILL mask 0xff
 *(.data.CCMRAM .data.CCMRAM.*)
                0x0000000010000000                . = ALIGN (0x4)
                0x0000000008001158                _sidata = LOADADDR (.data)

.data           0x0000000020000000       0x18 load address 0x0000000008001158
 FILL mask 0xff
                0x0000000020000000                _sdata = .
                0x0000000020000000                __data_start__ = .
 *(.data_begin .data_begin.*)
 .data_begin    0x0000000020000000        0x4 ./system/src/newlib/_startup.o
 *(.data .data.*)
 .data.argv.4263
                0x0000000020000004        0x8 ./system/src/newlib/_syscalls.o
 .data.SystemCoreClock
                0x000000002000000c        0x4 ./system/src/cmsis/system_stm32f4xx.o
                0x000000002000000c                SystemCoreClock
 .data.next_task
                0x0000000020000010        0x4 ./src/main.o
                0x0000000020000010                next_task
 *(.data_end .data_end.*)
 .data_end      0x0000000020000014        0x4 ./system/src/newlib/_startup.o
                0x0000000020000018                . = ALIGN (0x4)
                0x0000000020000018                _edata = .
                0x0000000020000018                __data_end__ = .

.igot.plt       0x0000000020000018        0x0 load address 0x0000000008001170
 .igot.plt      0x0000000020000018        0x0 ./system/src/stm32f4-hal/stm32f4xx_hal.o

.bss_CCMRAM     0x0000000010000000        0x0
 *(.bss.CCMRAM .bss.CCMRAM.*)

.bss            0x0000000020000018     0x6048
                0x0000000020000018                __bss_start__ = .
                0x0000000020000018                _sbss = .
 *(.bss_begin .bss_begin.*)
 .bss_begin     0x0000000020000018        0x4 ./system/src/newlib/_startup.o
 *(.bss .bss.*)
 .bss.name.4262
                0x000000002000001c        0x1 ./system/src/newlib/_syscalls.o
 *fill*         0x000000002000001d        0x3 
 .bss.PSP_array
                0x0000000020000020        0xc ./src/main.o
                0x0000000020000020                PSP_array
 .bss.Tasks     0x000000002000002c       0x24 ./src/main.o
                0x000000002000002c                Tasks
 .bss.curr_task
                0x0000000020000050        0x4 ./src/main.o
                0x0000000020000050                curr_task
 *fill*         0x0000000020000054        0x4 
 .bss.task1_stack
                0x0000000020000058     0x2000 ./src/main.o
                0x0000000020000058                task1_stack
 .bss.task2_stack
                0x0000000020002058     0x2000 ./src/main.o
                0x0000000020002058                task2_stack
 .bss.task3_stack
                0x0000000020004058     0x2000 ./src/main.o
                0x0000000020004058                task3_stack
 *(COMMON)
 COMMON         0x0000000020006058        0x4 ./system/src/stm32f4-hal/stm32f4xx_hal.o
                0x0000000020006058                uwTick
 *(.bss_end .bss_end.*)
 .bss_end       0x000000002000605c        0x4 ./system/src/newlib/_startup.o
                0x0000000020006060                . = ALIGN (0x4)
                0x0000000020006060                __bss_end__ = .
                0x0000000020006060                _ebss = .

.noinit_CCMRAM
 *(.noinit.CCMRAM .noinit.CCMRAM.*)

.noinit         0x0000000020006060        0x0
                0x0000000020006060                _noinit = .
 *(.noinit .noinit.*)
                0x0000000020006060                . = ALIGN (0x4)
                0x0000000020006060                _end_noinit = .
                [!provide]                        PROVIDE (end, _end_noinit)
                [!provide]                        PROVIDE (_end, _end_noinit)
                [!provide]                        PROVIDE (__end, _end_noinit)
                [!provide]                        PROVIDE (__end__, _end_noinit)

._check_stack   0x0000000020006060      0x100
                0x0000000020006160                . = (. + _Minimum_Stack_Size)
 *fill*         0x0000000020006060      0x100 

.b1text
 *(.b1text)
 *(.b1rodata)
 *(.b1rodata.*)

.eb0text
 *(.eb0text)
 *(.eb0rodata)
 *(.eb0rodata.*)

.eb1text
 *(.eb1text)
 *(.eb1rodata)
 *(.eb1rodata.*)

.eb2text
 *(.eb2text)
 *(.eb2rodata)
 *(.eb2rodata.*)

.eb3text
 *(.eb3text)
 *(.eb3rodata)
 *(.eb3rodata.*)

.stab
 *(.stab)

.stabstr
 *(.stabstr)

.stab.excl
 *(.stab.excl)

.stab.exclstr
 *(.stab.exclstr)

.stab.index
 *(.stab.index)

.stab.indexstr
 *(.stab.indexstr)

.comment        0x0000000000000000       0x7f
 *(.comment)
 .comment       0x0000000000000000       0x7f ./system/src/stm32f4-hal/stm32f4xx_hal.o
                                         0x80 (size before relaxing)
 .comment       0x000000000000007f       0x80 ./system/src/stm32f4-hal/stm32f4xx_hal_cortex.o
 .comment       0x000000000000007f       0x80 ./system/src/stm32f4-hal/stm32f4xx_hal_rcc.o
 .comment       0x000000000000007f       0x80 ./system/src/newlib/_exit.o
 .comment       0x000000000000007f       0x80 ./system/src/newlib/_startup.o
 .comment       0x000000000000007f       0x80 ./system/src/newlib/_syscalls.o
 .comment       0x000000000000007f       0x80 ./system/src/newlib/assert.o
 .comment       0x000000000000007f       0x80 ./system/src/cortexm/_initialize_hardware.o
 .comment       0x000000000000007f       0x80 ./system/src/cortexm/exception_handlers.o
 .comment       0x000000000000007f       0x80 ./system/src/cmsis/system_stm32f4xx.o
 .comment       0x000000000000007f       0x80 ./system/src/cmsis/vectors_stm32f407xx.o
 .comment       0x000000000000007f       0x80 ./src/_initialize_hardware.o
 .comment       0x000000000000007f       0x80 ./src/main.o
 .comment       0x000000000000007f       0x80 ./src/scheduler_core.o
 .comment       0x000000000000007f       0x80 ./src/stm32f4xx_hal_msp.o

.ARM.attributes
                0x0000000000000000       0x33
 .ARM.attributes
                0x0000000000000000       0x33 ./system/src/stm32f4-hal/stm32f4xx_hal.o
 .ARM.attributes
                0x0000000000000033       0x33 ./system/src/stm32f4-hal/stm32f4xx_hal_cortex.o
 .ARM.attributes
                0x0000000000000066       0x33 ./system/src/stm32f4-hal/stm32f4xx_hal_rcc.o
 .ARM.attributes
                0x0000000000000099       0x33 ./system/src/newlib/_exit.o
 .ARM.attributes
                0x00000000000000cc       0x33 ./system/src/newlib/_startup.o
 .ARM.attributes
                0x00000000000000ff       0x33 ./system/src/newlib/_syscalls.o
 .ARM.attributes
                0x0000000000000132       0x33 ./system/src/newlib/assert.o
 .ARM.attributes
                0x0000000000000165       0x33 ./system/src/cortexm/_initialize_hardware.o
 .ARM.attributes
                0x0000000000000198       0x33 ./system/src/cortexm/exception_handlers.o
 .ARM.attributes
                0x00000000000001cb       0x33 ./system/src/cmsis/system_stm32f4xx.o
 .ARM.attributes
                0x00000000000001fe       0x33 ./system/src/cmsis/vectors_stm32f407xx.o
 .ARM.attributes
                0x0000000000000231       0x33 ./src/_initialize_hardware.o
 .ARM.attributes
                0x0000000000000264       0x33 ./src/main.o
 .ARM.attributes
                0x0000000000000297       0x33 ./src/scheduler_core.o
 .ARM.attributes
                0x00000000000002ca       0x33 ./src/stm32f4xx_hal_msp.o

.debug
 *(.debug)

.line
 *(.line)

.debug_srcinfo
 *(.debug_srcinfo)

.debug_sfnames
 *(.debug_sfnames)

.debug_aranges  0x0000000000000000      0x458
 *(.debug_aranges)
 .debug_aranges
                0x0000000000000000       0xc0 ./system/src/stm32f4-hal/stm32f4xx_hal.o
 .debug_aranges
                0x00000000000000c0       0x98 ./system/src/stm32f4-hal/stm32f4xx_hal_cortex.o
 .debug_aranges
                0x0000000000000158       0x88 ./system/src/stm32f4-hal/stm32f4xx_hal_rcc.o
 .debug_aranges
                0x00000000000001e0       0x28 ./system/src/newlib/_exit.o
 .debug_aranges
                0x0000000000000208       0x40 ./system/src/newlib/_startup.o
 .debug_aranges
                0x0000000000000248       0x30 ./system/src/newlib/_syscalls.o
 .debug_aranges
                0x0000000000000278       0x28 ./system/src/newlib/assert.o
 .debug_aranges
                0x00000000000002a0       0x28 ./system/src/cortexm/_initialize_hardware.o
 .debug_aranges
                0x00000000000002c8       0x70 ./system/src/cortexm/exception_handlers.o
 .debug_aranges
                0x0000000000000338       0x28 ./system/src/cmsis/system_stm32f4xx.o
 .debug_aranges
                0x0000000000000360       0x20 ./system/src/cmsis/vectors_stm32f407xx.o
 .debug_aranges
                0x0000000000000380       0x28 ./src/_initialize_hardware.o
 .debug_aranges
                0x00000000000003a8       0x30 ./src/main.o
 .debug_aranges
                0x00000000000003d8       0x48 ./src/scheduler_core.o
 .debug_aranges
                0x0000000000000420       0x38 ./src/stm32f4xx_hal_msp.o

.debug_pubnames
 *(.debug_pubnames)

.debug_info     0x0000000000000000     0xc289
 *(.debug_info .gnu.linkonce.wi.*)
 .debug_info    0x0000000000000000     0x10f4 ./system/src/stm32f4-hal/stm32f4xx_hal.o
 .debug_info    0x00000000000010f4     0x18fe ./system/src/stm32f4-hal/stm32f4xx_hal_cortex.o
 .debug_info    0x00000000000029f2     0x1758 ./system/src/stm32f4-hal/stm32f4xx_hal_rcc.o
 .debug_info    0x000000000000414a      0x951 ./system/src/newlib/_exit.o
 .debug_info    0x0000000000004a9b      0x4ca ./system/src/newlib/_startup.o
 .debug_info    0x0000000000004f65      0xa20 ./system/src/newlib/_syscalls.o
 .debug_info    0x0000000000005985      0x9cf ./system/src/newlib/assert.o
 .debug_info    0x0000000000006354      0xae5 ./system/src/cortexm/_initialize_hardware.o
 .debug_info    0x0000000000006e39      0xae5 ./system/src/cortexm/exception_handlers.o
 .debug_info    0x000000000000791e      0xcdb ./system/src/cmsis/system_stm32f4xx.o
 .debug_info    0x00000000000085f9       0xd1 ./system/src/cmsis/vectors_stm32f407xx.o
 .debug_info    0x00000000000086ca      0xd0f ./src/_initialize_hardware.o
 .debug_info    0x00000000000093d9     0x193c ./src/main.o
 .debug_info    0x000000000000ad15      0xc5e ./src/scheduler_core.o
 .debug_info    0x000000000000b973      0x916 ./src/stm32f4xx_hal_msp.o

.debug_abbrev   0x0000000000000000     0x23d3
 *(.debug_abbrev)
 .debug_abbrev  0x0000000000000000      0x329 ./system/src/stm32f4-hal/stm32f4xx_hal.o
 .debug_abbrev  0x0000000000000329      0x3ef ./system/src/stm32f4-hal/stm32f4xx_hal_cortex.o
 .debug_abbrev  0x0000000000000718      0x392 ./system/src/stm32f4-hal/stm32f4xx_hal_rcc.o
 .debug_abbrev  0x0000000000000aaa      0x1f5 ./system/src/newlib/_exit.o
 .debug_abbrev  0x0000000000000c9f      0x1c4 ./system/src/newlib/_startup.o
 .debug_abbrev  0x0000000000000e63      0x234 ./system/src/newlib/_syscalls.o
 .debug_abbrev  0x0000000000001097      0x201 ./system/src/newlib/assert.o
 .debug_abbrev  0x0000000000001298      0x1de ./system/src/cortexm/_initialize_hardware.o
 .debug_abbrev  0x0000000000001476      0x23a ./system/src/cortexm/exception_handlers.o
 .debug_abbrev  0x00000000000016b0      0x216 ./system/src/cmsis/system_stm32f4xx.o
 .debug_abbrev  0x00000000000018c6       0x9d ./system/src/cmsis/vectors_stm32f407xx.o
 .debug_abbrev  0x0000000000001963      0x22d ./src/_initialize_hardware.o
 .debug_abbrev  0x0000000000001b90      0x43c ./src/main.o
 .debug_abbrev  0x0000000000001fcc      0x256 ./src/scheduler_core.o
 .debug_abbrev  0x0000000000002222      0x1b1 ./src/stm32f4xx_hal_msp.o

.debug_line     0x0000000000000000     0x82b2
 *(.debug_line)
 .debug_line    0x0000000000000000      0xbcd ./system/src/stm32f4-hal/stm32f4xx_hal.o
 .debug_line    0x0000000000000bcd      0xccd ./system/src/stm32f4-hal/stm32f4xx_hal_cortex.o
 .debug_line    0x000000000000189a      0xe4e ./system/src/stm32f4-hal/stm32f4xx_hal_rcc.o
 .debug_line    0x00000000000026e8      0x34f ./system/src/newlib/_exit.o
 .debug_line    0x0000000000002a37      0x3cc ./system/src/newlib/_startup.o
 .debug_line    0x0000000000002e03      0x41c ./system/src/newlib/_syscalls.o
 .debug_line    0x000000000000321f      0x378 ./system/src/newlib/assert.o
 .debug_line    0x0000000000003597      0xa71 ./system/src/cortexm/_initialize_hardware.o
 .debug_line    0x0000000000004008      0xb47 ./system/src/cortexm/exception_handlers.o
 .debug_line    0x0000000000004b4f      0xa79 ./system/src/cmsis/system_stm32f4xx.o
 .debug_line    0x00000000000055c8      0x105 ./system/src/cmsis/vectors_stm32f407xx.o
 .debug_line    0x00000000000056cd      0xa6b ./src/_initialize_hardware.o
 .debug_line    0x0000000000006138      0xc30 ./src/main.o
 .debug_line    0x0000000000006d68      0xadf ./src/scheduler_core.o
 .debug_line    0x0000000000007847      0xa6b ./src/stm32f4xx_hal_msp.o

.debug_frame    0x0000000000000000      0x858
 *(.debug_frame)
 .debug_frame   0x0000000000000000      0x188 ./system/src/stm32f4-hal/stm32f4xx_hal.o
 .debug_frame   0x0000000000000188      0x17c ./system/src/stm32f4-hal/stm32f4xx_hal_cortex.o
 .debug_frame   0x0000000000000304      0x140 ./system/src/stm32f4-hal/stm32f4xx_hal_rcc.o
 .debug_frame   0x0000000000000444       0x38 ./system/src/newlib/_exit.o
 .debug_frame   0x000000000000047c       0x7c ./system/src/newlib/_startup.o
 .debug_frame   0x00000000000004f8       0x50 ./system/src/newlib/_syscalls.o
 .debug_frame   0x0000000000000548       0x40 ./system/src/newlib/assert.o
 .debug_frame   0x0000000000000588       0x40 ./system/src/cortexm/_initialize_hardware.o
 .debug_frame   0x00000000000005c8       0xc8 ./system/src/cortexm/exception_handlers.o
 .debug_frame   0x0000000000000690       0x30 ./system/src/cmsis/system_stm32f4xx.o
 .debug_frame   0x00000000000006c0       0x20 ./system/src/cmsis/vectors_stm32f407xx.o
 .debug_frame   0x00000000000006e0       0x48 ./src/_initialize_hardware.o
 .debug_frame   0x0000000000000728       0x58 ./src/main.o
 .debug_frame   0x0000000000000780       0x88 ./src/scheduler_core.o
 .debug_frame   0x0000000000000808       0x50 ./src/stm32f4xx_hal_msp.o

.debug_str      0x0000000000000000    0x9c490
 *(.debug_str)
 .debug_str     0x0000000000000000    0x972fe ./system/src/stm32f4-hal/stm32f4xx_hal.o
                                      0x9775b (size before relaxing)
 .debug_str     0x00000000000972fe      0x380 ./system/src/stm32f4-hal/stm32f4xx_hal_cortex.o
                                      0x975d7 (size before relaxing)
 .debug_str     0x000000000009767e      0x400 ./system/src/stm32f4-hal/stm32f4xx_hal_rcc.o
                                      0x97176 (size before relaxing)
 .debug_str     0x0000000000097a7e     0x10ff ./system/src/newlib/_exit.o
                                       0x754c (size before relaxing)
 .debug_str     0x0000000000098b7d      0x2c6 ./system/src/newlib/_startup.o
                                       0x6126 (size before relaxing)
 .debug_str     0x0000000000098e43     0x12a6 ./system/src/newlib/_syscalls.o
                                       0x7776 (size before relaxing)
 .debug_str     0x000000000009a0e9       0xd7 ./system/src/newlib/assert.o
                                       0x8058 (size before relaxing)
 .debug_str     0x000000000009a1c0       0x77 ./system/src/cortexm/_initialize_hardware.o
                                      0x96c97 (size before relaxing)
 .debug_str     0x000000000009a237      0x1a9 ./system/src/cortexm/exception_handlers.o
                                      0x97d44 (size before relaxing)
 .debug_str     0x000000000009a3e0       0x46 ./system/src/cmsis/system_stm32f4xx.o
                                      0x96d66 (size before relaxing)
 .debug_str     0x000000000009a426       0x59 ./system/src/cmsis/vectors_stm32f407xx.o
                                       0x3107 (size before relaxing)
 .debug_str     0x000000000009a47f       0x31 ./src/_initialize_hardware.o
                                      0x96e7c (size before relaxing)
 .debug_str     0x000000000009a4b0     0x1f70 ./src/main.o
                                      0x9906a (size before relaxing)
 .debug_str     0x000000000009c420       0x33 ./src/scheduler_core.o
                                      0x96e35 (size before relaxing)
 .debug_str     0x000000000009c453       0x3d ./src/stm32f4xx_hal_msp.o
                                      0x96bdf (size before relaxing)

.debug_loc      0x0000000000000000     0x1341
 *(.debug_loc)
 .debug_loc     0x0000000000000000       0x92 ./system/src/stm32f4-hal/stm32f4xx_hal.o
 .debug_loc     0x0000000000000092      0x73b ./system/src/stm32f4-hal/stm32f4xx_hal_cortex.o
 .debug_loc     0x00000000000007cd      0x4cd ./system/src/stm32f4-hal/stm32f4xx_hal_rcc.o
 .debug_loc     0x0000000000000c9a      0x2d3 ./system/src/newlib/_startup.o
 .debug_loc     0x0000000000000f6d       0x63 ./system/src/newlib/_syscalls.o
 .debug_loc     0x0000000000000fd0       0xc6 ./system/src/newlib/assert.o
 .debug_loc     0x0000000000001096      0x13e ./system/src/cmsis/system_stm32f4xx.o
 .debug_loc     0x00000000000011d4       0xf0 ./src/main.o
 .debug_loc     0x00000000000012c4       0x7d ./src/scheduler_core.o

.debug_macinfo
 *(.debug_macinfo)

.debug_weaknames
 *(.debug_weaknames)

.debug_funcnames
 *(.debug_funcnames)

.debug_typenames
 *(.debug_typenames)

.debug_varnames
 *(.debug_varnames)
OUTPUT(C_Scheduler.elf elf32-littlearm)

.debug_ranges   0x0000000000000000      0x428
 .debug_ranges  0x0000000000000000       0xb0 ./system/src/stm32f4-hal/stm32f4xx_hal.o
 .debug_ranges  0x00000000000000b0       0xe8 ./system/src/stm32f4-hal/stm32f4xx_hal_cortex.o
 .debug_ranges  0x0000000000000198       0x78 ./system/src/stm32f4-hal/stm32f4xx_hal_rcc.o
 .debug_ranges  0x0000000000000210       0x18 ./system/src/newlib/_exit.o
 .debug_ranges  0x0000000000000228       0x90 ./system/src/newlib/_startup.o
 .debug_ranges  0x00000000000002b8       0x20 ./system/src/newlib/_syscalls.o
 .debug_ranges  0x00000000000002d8       0x18 ./system/src/newlib/assert.o
 .debug_ranges  0x00000000000002f0       0x18 ./system/src/cortexm/_initialize_hardware.o
 .debug_ranges  0x0000000000000308       0x60 ./system/src/cortexm/exception_handlers.o
 .debug_ranges  0x0000000000000368       0x18 ./system/src/cmsis/system_stm32f4xx.o
 .debug_ranges  0x0000000000000380       0x10 ./system/src/cmsis/vectors_stm32f407xx.o
 .debug_ranges  0x0000000000000390       0x18 ./src/_initialize_hardware.o
 .debug_ranges  0x00000000000003a8       0x20 ./src/main.o
 .debug_ranges  0x00000000000003c8       0x38 ./src/scheduler_core.o
 .debug_ranges  0x0000000000000400       0x28 ./src/stm32f4xx_hal_msp.o

.debug_macro    0x0000000000000000    0x1be8e
 .debug_macro   0x0000000000000000      0x54b ./system/src/stm32f4-hal/stm32f4xx_hal.o
 .debug_macro   0x000000000000054b      0x8bc ./system/src/stm32f4-hal/stm32f4xx_hal.o
 .debug_macro   0x0000000000000e07      0x289 ./system/src/stm32f4-hal/stm32f4xx_hal.o
 .debug_macro   0x0000000000001090       0x31 ./system/src/stm32f4-hal/stm32f4xx_hal.o
 .debug_macro   0x00000000000010c1       0x28 ./system/src/stm32f4-hal/stm32f4xx_hal.o
 .debug_macro   0x00000000000010e9      0x34e ./system/src/stm32f4-hal/stm32f4xx_hal.o
 .debug_macro   0x0000000000001437       0x35 ./system/src/stm32f4-hal/stm32f4xx_hal.o
 .debug_macro   0x000000000000146c       0x50 ./system/src/stm32f4-hal/stm32f4xx_hal.o
 .debug_macro   0x00000000000014bc      0xe66 ./system/src/stm32f4-hal/stm32f4xx_hal.o
 .debug_macro   0x0000000000002322     0x93f9 ./system/src/stm32f4-hal/stm32f4xx_hal.o
 .debug_macro   0x000000000000b71b       0x43 ./system/src/stm32f4-hal/stm32f4xx_hal.o
 .debug_macro   0x000000000000b75e     0x347f ./system/src/stm32f4-hal/stm32f4xx_hal.o
 .debug_macro   0x000000000000ebdd       0x22 ./system/src/stm32f4-hal/stm32f4xx_hal.o
 .debug_macro   0x000000000000ebff       0x52 ./system/src/stm32f4-hal/stm32f4xx_hal.o
 .debug_macro   0x000000000000ec51       0x8d ./system/src/stm32f4-hal/stm32f4xx_hal.o
 .debug_macro   0x000000000000ecde       0x35 ./system/src/stm32f4-hal/stm32f4xx_hal.o
 .debug_macro   0x000000000000ed13       0x9c ./system/src/stm32f4-hal/stm32f4xx_hal.o
 .debug_macro   0x000000000000edaf       0x16 ./system/src/stm32f4-hal/stm32f4xx_hal.o
 .debug_macro   0x000000000000edc5       0x57 ./system/src/stm32f4-hal/stm32f4xx_hal.o
 .debug_macro   0x000000000000ee1c       0x97 ./system/src/stm32f4-hal/stm32f4xx_hal.o
 .debug_macro   0x000000000000eeb3      0x330 ./system/src/stm32f4-hal/stm32f4xx_hal.o
 .debug_macro   0x000000000000f1e3       0xfd ./system/src/stm32f4-hal/stm32f4xx_hal.o
 .debug_macro   0x000000000000f2e0       0x10 ./system/src/stm32f4-hal/stm32f4xx_hal.o
 .debug_macro   0x000000000000f2f0       0x58 ./system/src/stm32f4-hal/stm32f4xx_hal.o
 .debug_macro   0x000000000000f348       0x1f ./system/src/stm32f4-hal/stm32f4xx_hal.o
 .debug_macro   0x000000000000f367       0x43 ./system/src/stm32f4-hal/stm32f4xx_hal.o
 .debug_macro   0x000000000000f3aa       0x20 ./system/src/stm32f4-hal/stm32f4xx_hal.o
 .debug_macro   0x000000000000f3ca      0x187 ./system/src/stm32f4-hal/stm32f4xx_hal.o
 .debug_macro   0x000000000000f551       0x10 ./system/src/stm32f4-hal/stm32f4xx_hal.o
 .debug_macro   0x000000000000f561       0x6a ./system/src/stm32f4-hal/stm32f4xx_hal.o
 .debug_macro   0x000000000000f5cb       0x1c ./system/src/stm32f4-hal/stm32f4xx_hal.o
 .debug_macro   0x000000000000f5e7       0x52 ./system/src/stm32f4-hal/stm32f4xx_hal.o
 .debug_macro   0x000000000000f639       0x40 ./system/src/stm32f4-hal/stm32f4xx_hal.o
 .debug_macro   0x000000000000f679       0x10 ./system/src/stm32f4-hal/stm32f4xx_hal.o
 .debug_macro   0x000000000000f689       0x40 ./system/src/stm32f4-hal/stm32f4xx_hal.o
 .debug_macro   0x000000000000f6c9       0xd7 ./system/src/stm32f4-hal/stm32f4xx_hal.o
 .debug_macro   0x000000000000f7a0       0x16 ./system/src/stm32f4-hal/stm32f4xx_hal.o
 .debug_macro   0x000000000000f7b6      0x18b ./system/src/stm32f4-hal/stm32f4xx_hal.o
 .debug_macro   0x000000000000f941       0x57 ./system/src/stm32f4-hal/stm32f4xx_hal.o
 .debug_macro   0x000000000000f998      0x964 ./system/src/stm32f4-hal/stm32f4xx_hal.o
 .debug_macro   0x00000000000102fc      0x9e1 ./system/src/stm32f4-hal/stm32f4xx_hal.o
 .debug_macro   0x0000000000010cdd      0x11e ./system/src/stm32f4-hal/stm32f4xx_hal.o
 .debug_macro   0x0000000000010dfb      0x13e ./system/src/stm32f4-hal/stm32f4xx_hal.o
 .debug_macro   0x0000000000010f39       0x27 ./system/src/stm32f4-hal/stm32f4xx_hal.o
 .debug_macro   0x0000000000010f60      0x287 ./system/src/stm32f4-hal/stm32f4xx_hal.o
 .debug_macro   0x00000000000111e7       0x5f ./system/src/stm32f4-hal/stm32f4xx_hal.o
 .debug_macro   0x0000000000011246      0x23a ./system/src/stm32f4-hal/stm32f4xx_hal.o
 .debug_macro   0x0000000000011480      0x391 ./system/src/stm32f4-hal/stm32f4xx_hal.o
 .debug_macro   0x0000000000011811      0x16f ./system/src/stm32f4-hal/stm32f4xx_hal.o
 .debug_macro   0x0000000000011980       0xf9 ./system/src/stm32f4-hal/stm32f4xx_hal.o
 .debug_macro   0x0000000000011a79      0x36e ./system/src/stm32f4-hal/stm32f4xx_hal.o
 .debug_macro   0x0000000000011de7       0x23 ./system/src/stm32f4-hal/stm32f4xx_hal.o
 .debug_macro   0x0000000000011e0a       0xe6 ./system/src/stm32f4-hal/stm32f4xx_hal.o
 .debug_macro   0x0000000000011ef0       0xa1 ./system/src/stm32f4-hal/stm32f4xx_hal.o
 .debug_macro   0x0000000000011f91       0x3c ./system/src/stm32f4-hal/stm32f4xx_hal.o
 .debug_macro   0x0000000000011fcd       0x1f ./system/src/stm32f4-hal/stm32f4xx_hal.o
 .debug_macro   0x0000000000011fec      0x1cd ./system/src/stm32f4-hal/stm32f4xx_hal.o
 .debug_macro   0x00000000000121b9      0xcd6 ./system/src/stm32f4-hal/stm32f4xx_hal.o
 .debug_macro   0x0000000000012e8f      0x13a ./system/src/stm32f4-hal/stm32f4xx_hal.o
 .debug_macro   0x0000000000012fc9      0x21e ./system/src/stm32f4-hal/stm32f4xx_hal.o
 .debug_macro   0x00000000000131e7       0x2e ./system/src/stm32f4-hal/stm32f4xx_hal.o
 .debug_macro   0x0000000000013215      0x543 ./system/src/stm32f4-hal/stm32f4xx_hal.o
 .debug_macro   0x0000000000013758       0x88 ./system/src/stm32f4-hal/stm32f4xx_hal.o
 .debug_macro   0x00000000000137e0       0xd5 ./system/src/stm32f4-hal/stm32f4xx_hal.o
 .debug_macro   0x00000000000138b5      0x183 ./system/src/stm32f4-hal/stm32f4xx_hal.o
 .debug_macro   0x0000000000013a38      0x1a7 ./system/src/stm32f4-hal/stm32f4xx_hal.o
 .debug_macro   0x0000000000013bdf       0xa5 ./system/src/stm32f4-hal/stm32f4xx_hal.o
 .debug_macro   0x0000000000013c84      0x18b ./system/src/stm32f4-hal/stm32f4xx_hal.o
 .debug_macro   0x0000000000013e0f       0x24 ./system/src/stm32f4-hal/stm32f4xx_hal.o
 .debug_macro   0x0000000000013e33       0x35 ./system/src/stm32f4-hal/stm32f4xx_hal.o
 .debug_macro   0x0000000000013e68       0x79 ./system/src/stm32f4-hal/stm32f4xx_hal.o
 .debug_macro   0x0000000000013ee1      0x11e ./system/src/stm32f4-hal/stm32f4xx_hal.o
 .debug_macro   0x0000000000013fff       0x7f ./system/src/stm32f4-hal/stm32f4xx_hal.o
 .debug_macro   0x000000000001407e       0x89 ./system/src/stm32f4-hal/stm32f4xx_hal.o
 .debug_macro   0x0000000000014107       0x7e ./system/src/stm32f4-hal/stm32f4xx_hal.o
 .debug_macro   0x0000000000014185      0x31a ./system/src/stm32f4-hal/stm32f4xx_hal.o
 .debug_macro   0x000000000001449f      0x409 ./system/src/stm32f4-hal/stm32f4xx_hal.o
 .debug_macro   0x00000000000148a8       0xe4 ./system/src/stm32f4-hal/stm32f4xx_hal.o
 .debug_macro   0x000000000001498c      0x48d ./system/src/stm32f4-hal/stm32f4xx_hal.o
 .debug_macro   0x0000000000014e19      0x22b ./system/src/stm32f4-hal/stm32f4xx_hal.o
 .debug_macro   0x0000000000015044      0x202 ./system/src/stm32f4-hal/stm32f4xx_hal.o
 .debug_macro   0x0000000000015246      0x6d9 ./system/src/stm32f4-hal/stm32f4xx_hal.o
 .debug_macro   0x000000000001591f       0x5b ./system/src/stm32f4-hal/stm32f4xx_hal.o
 .debug_macro   0x000000000001597a      0x14d ./system/src/stm32f4-hal/stm32f4xx_hal.o
 .debug_macro   0x0000000000015ac7      0x287 ./system/src/stm32f4-hal/stm32f4xx_hal.o
 .debug_macro   0x0000000000015d4e      0x225 ./system/src/stm32f4-hal/stm32f4xx_hal.o
 .debug_macro   0x0000000000015f73      0x1b5 ./system/src/stm32f4-hal/stm32f4xx_hal.o
 .debug_macro   0x0000000000016128      0x2db ./system/src/stm32f4-hal/stm32f4xx_hal.o
 .debug_macro   0x0000000000016403       0x89 ./system/src/stm32f4-hal/stm32f4xx_hal.o
 .debug_macro   0x000000000001648c      0x1df ./system/src/stm32f4-hal/stm32f4xx_hal.o
 .debug_macro   0x000000000001666b      0x115 ./system/src/stm32f4-hal/stm32f4xx_hal.o
 .debug_macro   0x0000000000016780       0x6e ./system/src/stm32f4-hal/stm32f4xx_hal.o
 .debug_macro   0x00000000000167ee      0x125 ./system/src/stm32f4-hal/stm32f4xx_hal.o
 .debug_macro   0x0000000000016913      0x4fd ./system/src/stm32f4-hal/stm32f4xx_hal_cortex.o
 .debug_macro   0x0000000000016e10      0x527 ./system/src/stm32f4-hal/stm32f4xx_hal_rcc.o
 .debug_macro   0x0000000000017337      0x1a7 ./system/src/newlib/_exit.o
 .debug_macro   0x00000000000174de      0x10e ./system/src/newlib/_exit.o
 .debug_macro   0x00000000000175ec       0x8d ./system/src/newlib/_exit.o
 .debug_macro   0x0000000000017679       0x35 ./system/src/newlib/_exit.o
 .debug_macro   0x00000000000176ae      0x166 ./system/src/newlib/_startup.o
 .debug_macro   0x0000000000017814      0x8c2 ./system/src/newlib/_startup.o
 .debug_macro   0x00000000000180d6      0x20a ./system/src/newlib/_syscalls.o
 .debug_macro   0x00000000000182e0       0x1c ./system/src/newlib/_syscalls.o
 .debug_macro   0x00000000000182fc       0x10 ./system/src/newlib/_syscalls.o
 .debug_macro   0x000000000001830c       0x10 ./system/src/newlib/_syscalls.o
 .debug_macro   0x000000000001831c       0x10 ./system/src/newlib/_syscalls.o
 .debug_macro   0x000000000001832c       0x35 ./system/src/newlib/_syscalls.o
 .debug_macro   0x0000000000018361      0x122 ./system/src/newlib/_syscalls.o
 .debug_macro   0x0000000000018483       0x88 ./system/src/newlib/_syscalls.o
 .debug_macro   0x000000000001850b       0x2b ./system/src/newlib/_syscalls.o
 .debug_macro   0x0000000000018536      0x118 ./system/src/newlib/_syscalls.o
 .debug_macro   0x000000000001864e      0x159 ./system/src/newlib/_syscalls.o
 .debug_macro   0x00000000000187a7       0x16 ./system/src/newlib/_syscalls.o
 .debug_macro   0x00000000000187bd      0x1c3 ./system/src/newlib/assert.o
 .debug_macro   0x0000000000018980       0x1c ./system/src/newlib/assert.o
 .debug_macro   0x000000000001899c      0x507 ./system/src/cortexm/_initialize_hardware.o
 .debug_macro   0x0000000000018ea3      0x566 ./system/src/cortexm/exception_handlers.o
 .debug_macro   0x0000000000019409       0x3b ./system/src/cortexm/exception_handlers.o
 .debug_macro   0x0000000000019444       0x22 ./system/src/cortexm/exception_handlers.o
 .debug_macro   0x0000000000019466       0x16 ./system/src/cortexm/exception_handlers.o
 .debug_macro   0x000000000001947c      0x503 ./system/src/cmsis/system_stm32f4xx.o
 .debug_macro   0x000000000001997f       0x34 ./system/src/cmsis/vectors_stm32f407xx.o
 .debug_macro   0x00000000000199b3      0x4fd ./src/_initialize_hardware.o
 .debug_macro   0x0000000000019eb0      0x57e ./src/main.o
 .debug_macro   0x000000000001a42e      0xe66 ./src/main.o
 .debug_macro   0x000000000001b294       0x97 ./src/main.o
 .debug_macro   0x000000000001b32b      0x104 ./src/main.o
 .debug_macro   0x000000000001b42f       0x4c ./src/main.o
 .debug_macro   0x000000000001b47b       0x10 ./src/main.o
 .debug_macro   0x000000000001b48b      0x506 ./src/scheduler_core.o
 .debug_macro   0x000000000001b991      0x4fd ./src/stm32f4xx_hal_msp.o
